{"level":"info","message":"🚀 Server jalan di Port 3000","timestamp":"2026-05-05T03:14:21.328Z"}
{"level":"info","message":"✅ DATABASE POSTGRE: AMAN!","timestamp":"2026-05-05T03:14:23.948Z"}
{"level":"info","message":"\u001b[0mGET /html/tajwid.html \u001b[32m200\u001b[0m 70.510 ms - -\u001b[0m","timestamp":"2026-05-05T03:15:09.630Z"}
{"level":"info","message":"\u001b[0mGET /css/style.css?v=scrollbar_fix2 \u001b[32m200\u001b[0m 34.098 ms - -\u001b[0m","timestamp":"2026-05-05T03:15:09.674Z"}
{"level":"info","message":"\u001b[0mGET /css/tajwid.css?v=center_fix \u001b[32m200\u001b[0m 30.184 ms - -\u001b[0m","timestamp":"2026-05-05T03:15:09.697Z"}
{"level":"info","message":"\u001b[0mGET /css/visual-enhancements.css?v=theme_final \u001b[32m200\u001b[0m 23.112 ms - -\u001b[0m","timestamp":"2026-05-05T03:15:09.703Z"}
{"level":"info","message":"\u001b[0mGET /css/streak-effects.css?v=scrollbar_fix2 \u001b[32m200\u001b[0m 39.417 ms - -\u001b[0m","timestamp":"2026-05-05T03:15:09.704Z"}
{"level":"info","message":"\u001b[0mGET /js/audio.js?v=fix_ui_1 \u001b[32m200\u001b[0m 32.965 ms - -\u001b[0m","timestamp":"2026-05-05T03:15:09.709Z"}
{"level":"info","message":"\u001b[0mGET /css/versus-enhancements.css \u001b[32m200\u001b[0m 37.072 ms - -\u001b[0m","timestamp":"2026-05-05T03:15:09.711Z"}
{"level":"info","message":"\u001b[0mGET /css/tajwid-versus.css?v=2 \u001b[32m200\u001b[0m 62.818 ms - -\u001b[0m","timestamp":"2026-05-05T03:15:09.876Z"}
{"level":"info","message":"\u001b[0mGET /js/global.js \u001b[32m200\u001b[0m 57.119 ms - -\u001b[0m","timestamp":"2026-05-05T03:15:09.886Z"}
{"level":"info","message":"\u001b[0mGET /js/gamification/achievements.js \u001b[32m200\u001b[0m 45.074 ms - -\u001b[0m","timestamp":"2026-05-05T03:15:09.890Z"}
{"level":"info","message":"\u001b[0mGET /js/gamification/streaks.js \u001b[32m200\u001b[0m 40.961 ms - -\u001b[0m","timestamp":"2026-05-05T03:15:09.894Z"}
{"level":"info","message":"\u001b[0mGET /js/gamification/leveling.js \u001b[32m200\u001b[0m 33.199 ms - -\u001b[0m","timestamp":"2026-05-05T03:15:09.897Z"}
{"level":"info","message":"\u001b[0mGET /js/utils/comboManager.js \u001b[32m200\u001b[0m 32.935 ms - -\u001b[0m","timestamp":"2026-05-05T03:15:09.901Z"}
{"level":"info","message":"\u001b[0mGET /js/utils/particleEffects.js \u001b[32m200\u001b[0m 45.119 ms - -\u001b[0m","timestamp":"2026-05-05T03:15:09.979Z"}
{"level":"info","message":"\u001b[0mGET /js/utils/hintSystem.js \u001b[32m200\u001b[0m 19.113 ms - -\u001b[0m","timestamp":"2026-05-05T03:15:09.982Z"}
{"level":"info","message":"\u001b[0mGET /js/tajwid.js?v=theme_final \u001b[32m200\u001b[0m 16.871 ms - -\u001b[0m","timestamp":"2026-05-05T03:15:09.985Z"}
{"level":"info","message":"\u001b[0mGET /js/tajwid-versus.js?v=2 \u001b[32m200\u001b[0m 14.473 ms - -\u001b[0m","timestamp":"2026-05-05T03:15:09.989Z"}
{"level":"info","message":"✅ User CONNECTED: YO_OaVuIF-5ZS4jnAAAB | Auth: false","timestamp":"2026-05-05T03:15:10.242Z"}
{"level":"info","message":"\u001b[0mGET /favicon.ico \u001b[36m304\u001b[0m 7.205 ms - -\u001b[0m","timestamp":"2026-05-05T03:15:10.347Z"}
{"level":"info","message":"\u001b[0mGET /sw.js \u001b[32m200\u001b[0m 5.092 ms - -\u001b[0m","timestamp":"2026-05-05T03:15:12.278Z"}
{"level":"info","message":"\u001b[0mGET / \u001b[32m200\u001b[0m 13.221 ms - -\u001b[0m","timestamp":"2026-05-05T03:15:12.415Z"}
{"level":"info","message":"\u001b[0mGET /manifest.json \u001b[32m200\u001b[0m 12.774 ms - 482\u001b[0m","timestamp":"2026-05-05T03:15:12.418Z"}
{"level":"info","message":"\u001b[0mGET /index.html \u001b[32m200\u001b[0m 12.532 ms - -\u001b[0m","timestamp":"2026-05-05T03:15:12.424Z"}
{"level":"info","message":"\u001b[0mGET /explosion.mp3 \u001b[36m304\u001b[0m 1.733 ms - -\u001b[0m","timestamp":"2026-05-05T03:15:12.506Z"}
{"level":"info","message":"\u001b[0mGET /html/ayat.html \u001b[32m200\u001b[0m 27.850 ms - -\u001b[0m","timestamp":"2026-05-05T03:15:12.598Z"}
{"level":"info","message":"\u001b[0mGET /html/guru.html \u001b[32m200\u001b[0m 23.112 ms - -\u001b[0m","timestamp":"2026-05-05T03:15:12.620Z"}
{"level":"info","message":"\u001b[0mGET /html/bintang.html \u001b[32m200\u001b[0m 27.524 ms - -\u001b[0m","timestamp":"2026-05-05T03:15:12.630Z"}
{"level":"info","message":"\u001b[0mGET /html/kasir.html \u001b[32m200\u001b[0m 16.365 ms - -\u001b[0m","timestamp":"2026-05-05T03:15:12.662Z"}
{"level":"info","message":"\u001b[0mGET /html/labirin-phaser.html \u001b[32m200\u001b[0m 5.906 ms - -\u001b[0m","timestamp":"2026-05-05T03:15:12.669Z"}
{"level":"info","message":"\u001b[0mGET /html/leaderboard.html \u001b[32m200\u001b[0m 25.026 ms - -\u001b[0m","timestamp":"2026-05-05T03:15:12.695Z"}
{"level":"info","message":"\u001b[0mGET /html/math.html \u001b[32m200\u001b[0m 4.898 ms - -\u001b[0m","timestamp":"2026-05-05T03:15:12.712Z"}
{"level":"info","message":"\u001b[0mGET /html/memory.html \u001b[32m200\u001b[0m 13.406 ms - -\u001b[0m","timestamp":"2026-05-05T03:15:12.756Z"}
{"level":"info","message":"\u001b[0mGET /html/nabi.html \u001b[32m200\u001b[0m 16.830 ms - -\u001b[0m","timestamp":"2026-05-05T03:15:12.781Z"}
{"level":"info","message":"\u001b[0mGET /html/piano.html \u001b[32m200\u001b[0m 46.520 ms - -\u001b[0m","timestamp":"2026-05-05T03:15:12.838Z"}
{"level":"info","message":"\u001b[0mGET /html/tajwid.html \u001b[32m200\u001b[0m 25.275 ms - -\u001b[0m","timestamp":"2026-05-05T03:15:12.840Z"}
{"level":"info","message":"\u001b[0mGET /html/toko.html \u001b[32m200\u001b[0m 12.327 ms - -\u001b[0m","timestamp":"2026-05-05T03:15:12.842Z"}
{"level":"info","message":"\u001b[0mGET /html/zuma-phaser.html \u001b[32m200\u001b[0m 7.170 ms - -\u001b[0m","timestamp":"2026-05-05T03:15:12.898Z"}
{"level":"info","message":"\u001b[0mGET /css/design-tokens.css \u001b[32m200\u001b[0m 6.128 ms - -\u001b[0m","timestamp":"2026-05-05T03:15:12.902Z"}
{"level":"info","message":"\u001b[0mGET /css/style.css \u001b[32m200\u001b[0m 4.503 ms - -\u001b[0m","timestamp":"2026-05-05T03:15:12.915Z"}
{"level":"info","message":"\u001b[0mGET /css/base.css \u001b[32m200\u001b[0m 15.297 ms - -\u001b[0m","timestamp":"2026-05-05T03:15:12.959Z"}
{"level":"info","message":"\u001b[0mGET /css/variables.css \u001b[32m200\u001b[0m 6.965 ms - -\u001b[0m","timestamp":"2026-05-05T03:15:12.970Z"}
{"level":"info","message":"\u001b[0mGET /css/loading.css \u001b[32m200\u001b[0m 7.872 ms - -\u001b[0m","timestamp":"2026-05-05T03:15:12.977Z"}
{"level":"info","message":"\u001b[0mGET /css/micro-interactions.css \u001b[32m200\u001b[0m 15.541 ms - -\u001b[0m","timestamp":"2026-05-05T03:15:13.018Z"}
{"level":"info","message":"\u001b[0mGET /css/responsive.css \u001b[32m200\u001b[0m 9.971 ms - -\u001b[0m","timestamp":"2026-05-05T03:15:13.024Z"}
{"level":"info","message":"\u001b[0mGET /css/sidebar-fixes.css \u001b[32m200\u001b[0m 3.915 ms - -\u001b[0m","timestamp":"2026-05-05T03:15:13.030Z"}
{"level":"info","message":"\u001b[0mGET /css/visual-enhancements.css \u001b[32m200\u001b[0m 9.557 ms - -\u001b[0m","timestamp":"2026-05-05T03:15:13.052Z"}
{"level":"info","message":"\u001b[0mGET /css/visual-overhaul.css \u001b[32m200\u001b[0m 18.877 ms - -\u001b[0m","timestamp":"2026-05-05T03:15:13.111Z"}
{"level":"info","message":"\u001b[0mGET /css/chat-enhanced.css \u001b[32m200\u001b[0m 14.416 ms - -\u001b[0m","timestamp":"2026-05-05T03:15:13.120Z"}
{"level":"info","message":"\u001b[0mGET /css/decorative-objects.css \u001b[32m200\u001b[0m 3.487 ms - -\u001b[0m","timestamp":"2026-05-05T03:15:13.133Z"}
{"level":"info","message":"\u001b[0mGET /css/streak-effects.css \u001b[32m200\u001b[0m 1.406 ms - -\u001b[0m","timestamp":"2026-05-05T03:15:13.191Z"}
{"level":"info","message":"\u001b[0mGET /css/ayat.css \u001b[32m200\u001b[0m 46.146 ms - -\u001b[0m","timestamp":"2026-05-05T03:15:13.221Z"}
{"level":"info","message":"\u001b[0mGET /css/ayat-versus.css \u001b[32m200\u001b[0m 13.123 ms - -\u001b[0m","timestamp":"2026-05-05T03:15:13.225Z"}
{"level":"info","message":"\u001b[0mGET /css/bintang.css \u001b[32m200\u001b[0m 5.926 ms - -\u001b[0m","timestamp":"2026-05-05T03:15:13.250Z"}
{"level":"info","message":"\u001b[0mGET /css/guru.css \u001b[32m200\u001b[0m 14.349 ms - -\u001b[0m","timestamp":"2026-05-05T03:15:13.279Z"}
{"level":"info","message":"\u001b[0mGET /css/kasir.css \u001b[32m200\u001b[0m 12.652 ms - -\u001b[0m","timestamp":"2026-05-05T03:15:13.283Z"}
{"level":"info","message":"\u001b[0mGET /css/labirin-phaser.css \u001b[32m200\u001b[0m 1.377 ms - -\u001b[0m","timestamp":"2026-05-05T03:15:13.306Z"}
{"level":"info","message":"\u001b[0mGET /css/leaderboard.css \u001b[32m200\u001b[0m 8.298 ms - -\u001b[0m","timestamp":"2026-05-05T03:15:13.344Z"}
{"level":"info","message":"\u001b[0mGET /css/math.css \u001b[32m200\u001b[0m 8.666 ms - -\u001b[0m","timestamp":"2026-05-05T03:15:13.356Z"}
{"level":"info","message":"\u001b[0mGET /css/memory.css \u001b[32m200\u001b[0m 13.090 ms - -\u001b[0m","timestamp":"2026-05-05T03:15:13.412Z"}
{"level":"info","message":"\u001b[0mGET /css/nabi-versus.css \u001b[32m200\u001b[0m 12.878 ms - -\u001b[0m","timestamp":"2026-05-05T03:15:13.463Z"}
{"level":"info","message":"\u001b[0mGET /css/nabi.css \u001b[32m200\u001b[0m 26.839 ms - -\u001b[0m","timestamp":"2026-05-05T03:15:13.473Z"}
{"level":"info","message":"\u001b[0mGET /css/piano.css \u001b[32m200\u001b[0m 4.614 ms - -\u001b[0m","timestamp":"2026-05-05T03:15:13.488Z"}
{"level":"info","message":"\u001b[0mGET /css/tajwid.css \u001b[32m200\u001b[0m 2.228 ms - -\u001b[0m","timestamp":"2026-05-05T03:15:13.545Z"}
{"level":"info","message":"\u001b[0mGET /css/tajwid-versus.css \u001b[32m200\u001b[0m 45.035 ms - -\u001b[0m","timestamp":"2026-05-05T03:15:13.610Z"}
{"level":"info","message":"\u001b[0mGET /css/toko.css \u001b[32m200\u001b[0m 31.387 ms - -\u001b[0m","timestamp":"2026-05-05T03:15:13.628Z"}
{"level":"info","message":"\u001b[0mGET /css/versus-enhancements.css \u001b[32m200\u001b[0m 47.732 ms - -\u001b[0m","timestamp":"2026-05-05T03:15:13.655Z"}
{"level":"info","message":"\u001b[0mGET /js/config.js \u001b[32m200\u001b[0m 12.042 ms - 550\u001b[0m","timestamp":"2026-05-05T03:15:13.708Z"}
{"level":"info","message":"\u001b[0mGET /css/zuma-phaser.css \u001b[32m200\u001b[0m 22.091 ms - -\u001b[0m","timestamp":"2026-05-05T03:15:13.724Z"}
{"level":"info","message":"\u001b[0mGET /js/global.js \u001b[32m200\u001b[0m 11.475 ms - -\u001b[0m","timestamp":"2026-05-05T03:15:13.732Z"}
{"level":"info","message":"\u001b[0mGET /js/audio.js \u001b[32m200\u001b[0m 4.926 ms - -\u001b[0m","timestamp":"2026-05-05T03:15:13.749Z"}
{"level":"info","message":"\u001b[0mGET /js/dashboard.js \u001b[32m200\u001b[0m 48.032 ms - -\u001b[0m","timestamp":"2026-05-05T03:15:13.841Z"}
{"level":"info","message":"\u001b[0mGET /js/classes/GameEngine.js \u001b[32m200\u001b[0m 48.852 ms - -\u001b[0m","timestamp":"2026-05-05T03:15:13.843Z"}
{"level":"info","message":"\u001b[0mGET /js/utils/animations.js \u001b[32m200\u001b[0m 21.196 ms - -\u001b[0m","timestamp":"2026-05-05T03:15:13.850Z"}
{"level":"info","message":"\u001b[0mGET /js/utils/loading.js \u001b[32m200\u001b[0m 79.883 ms - -\u001b[0m","timestamp":"2026-05-05T03:15:13.980Z"}
{"level":"info","message":"\u001b[0mGET /js/utils/ui.js \u001b[32m200\u001b[0m 12.365 ms - -\u001b[0m","timestamp":"2026-05-05T03:15:13.993Z"}
{"level":"info","message":"\u001b[0mGET /js/utils/confetti.js \u001b[32m200\u001b[0m 12.270 ms - -\u001b[0m","timestamp":"2026-05-05T03:15:13.994Z"}
{"level":"info","message":"\u001b[0mGET /js/utils/comboManager.js \u001b[32m200\u001b[0m 3.637 ms - -\u001b[0m","timestamp":"2026-05-05T03:15:14.038Z"}
{"level":"info","message":"\u001b[0mGET /js/utils/hintSystem.js \u001b[32m200\u001b[0m 2.990 ms - -\u001b[0m","timestamp":"2026-05-05T03:15:14.088Z"}
{"level":"info","message":"\u001b[0mGET /js/utils/particleEffects.js \u001b[32m200\u001b[0m 32.513 ms - -\u001b[0m","timestamp":"2026-05-05T03:15:14.145Z"}
{"level":"info","message":"\u001b[0mGET /js/gamification/achievements.js \u001b[32m200\u001b[0m 39.112 ms - -\u001b[0m","timestamp":"2026-05-05T03:15:14.174Z"}
{"level":"info","message":"\u001b[0mGET /js/gamification/streaks.js \u001b[32m200\u001b[0m 24.943 ms - -\u001b[0m","timestamp":"2026-05-05T03:15:14.189Z"}
{"level":"info","message":"\u001b[0mGET /js/gamification/leveling.js \u001b[32m200\u001b[0m 22.610 ms - -\u001b[0m","timestamp":"2026-05-05T03:15:14.242Z"}
{"level":"info","message":"\u001b[0mGET /js/ayat.js \u001b[32m200\u001b[0m 8.878 ms - -\u001b[0m","timestamp":"2026-05-05T03:15:14.260Z"}
{"level":"info","message":"\u001b[0mGET /js/ayat-versus.js \u001b[32m200\u001b[0m 17.596 ms - -\u001b[0m","timestamp":"2026-05-05T03:15:14.272Z"}
{"level":"info","message":"\u001b[0mGET /js/bintang.js \u001b[32m200\u001b[0m 11.525 ms - -\u001b[0m","timestamp":"2026-05-05T03:15:14.277Z"}
{"level":"info","message":"\u001b[0mGET /js/game.js \u001b[32m200\u001b[0m 20.062 ms - -\u001b[0m","timestamp":"2026-05-05T03:15:14.316Z"}
{"level":"info","message":"\u001b[0mGET /js/kasir.js \u001b[32m200\u001b[0m 16.190 ms - -\u001b[0m","timestamp":"2026-05-05T03:15:14.333Z"}
{"level":"info","message":"\u001b[0mGET /js/labirin-phaser.js \u001b[32m200\u001b[0m 12.953 ms - -\u001b[0m","timestamp":"2026-05-05T03:15:14.343Z"}
{"level":"info","message":"\u001b[0mGET /js/memory.js \u001b[32m200\u001b[0m 5.092 ms - -\u001b[0m","timestamp":"2026-05-05T03:15:14.424Z"}
{"level":"info","message":"\u001b[0mGET /js/nabi.js \u001b[32m200\u001b[0m 20.587 ms - -\u001b[0m","timestamp":"2026-05-05T03:15:14.474Z"}
{"level":"info","message":"\u001b[0mGET /js/nabi-versus.js \u001b[32m200\u001b[0m 14.841 ms - -\u001b[0m","timestamp":"2026-05-05T03:15:14.476Z"}
{"level":"info","message":"\u001b[0mGET /js/piano.js \u001b[32m200\u001b[0m 62.665 ms - -\u001b[0m","timestamp":"2026-05-05T03:15:14.538Z"}
{"level":"info","message":"\u001b[0mGET /js/tajwid.js \u001b[32m200\u001b[0m 33.464 ms - -\u001b[0m","timestamp":"2026-05-05T03:15:14.563Z"}
{"level":"info","message":"\u001b[0mGET /js/tajwid-versus.js \u001b[32m200\u001b[0m 29.551 ms - -\u001b[0m","timestamp":"2026-05-05T03:15:14.569Z"}
{"level":"info","message":"\u001b[0mGET /js/toko.js \u001b[32m200\u001b[0m 78.573 ms - -\u001b[0m","timestamp":"2026-05-05T03:15:14.646Z"}
{"level":"info","message":"\u001b[0mGET /js/zuma-phaser.js \u001b[32m200\u001b[0m 6.278 ms - -\u001b[0m","timestamp":"2026-05-05T03:15:14.653Z"}
{"level":"info","message":"\u001b[0mGET / \u001b[32m200\u001b[0m 9.696 ms - -\u001b[0m","timestamp":"2026-05-05T03:19:09.395Z"}
{"level":"info","message":"❌ User DISCONNECTED: YO_OaVuIF-5ZS4jnAAAB","timestamp":"2026-05-05T03:19:09.465Z"}
{"level":"info","message":"\u001b[0mGET /css/design-tokens.css \u001b[32m200\u001b[0m 10.247 ms - -\u001b[0m","timestamp":"2026-05-05T03:19:09.558Z"}
{"level":"info","message":"\u001b[0mGET /css/loading.css \u001b[32m200\u001b[0m 4.810 ms - -\u001b[0m","timestamp":"2026-05-05T03:19:09.560Z"}
{"level":"info","message":"\u001b[0mGET /css/micro-interactions.css \u001b[32m200\u001b[0m 16.014 ms - -\u001b[0m","timestamp":"2026-05-05T03:19:09.620Z"}
{"level":"info","message":"\u001b[0mGET /css/responsive.css \u001b[32m200\u001b[0m 15.351 ms - -\u001b[0m","timestamp":"2026-05-05T03:19:09.622Z"}
{"level":"info","message":"\u001b[0mGET /css/sidebar-fixes.css \u001b[32m200\u001b[0m 9.887 ms - -\u001b[0m","timestamp":"2026-05-05T03:19:09.625Z"}
{"level":"info","message":"\u001b[0mGET /css/visual-enhancements.css \u001b[32m200\u001b[0m 14.477 ms - -\u001b[0m","timestamp":"2026-05-05T03:19:09.632Z"}
{"level":"info","message":"\u001b[0mGET /css/style.css?v=final \u001b[32m200\u001b[0m 16.801 ms - -\u001b[0m","timestamp":"2026-05-05T03:19:09.636Z"}
{"level":"info","message":"\u001b[0mGET /css/visual-overhaul.css \u001b[32m200\u001b[0m 28.889 ms - -\u001b[0m","timestamp":"2026-05-05T03:19:09.654Z"}
{"level":"info","message":"\u001b[0mGET /css/chat-enhanced.css \u001b[32m200\u001b[0m 41.181 ms - -\u001b[0m","timestamp":"2026-05-05T03:19:09.736Z"}
{"level":"info","message":"\u001b[0mGET /js/utils/animations.js \u001b[32m200\u001b[0m 32.662 ms - -\u001b[0m","timestamp":"2026-05-05T03:19:09.740Z"}
{"level":"info","message":"\u001b[0mGET /js/global.js \u001b[32m200\u001b[0m 33.864 ms - -\u001b[0m","timestamp":"2026-05-05T03:19:09.742Z"}
{"level":"info","message":"\u001b[0mGET /js/utils/confetti.js \u001b[32m200\u001b[0m 22.430 ms - -\u001b[0m","timestamp":"2026-05-05T03:19:09.748Z"}
{"level":"info","message":"\u001b[0mGET /js/utils/loading.js \u001b[32m200\u001b[0m 23.202 ms - -\u001b[0m","timestamp":"2026-05-05T03:19:09.752Z"}
{"level":"info","message":"\u001b[0mGET /js/gamification/achievements.js \u001b[32m200\u001b[0m 40.591 ms - -\u001b[0m","timestamp":"2026-05-05T03:19:09.760Z"}
{"level":"info","message":"\u001b[0mGET /js/config.js \u001b[32m200\u001b[0m 14.905 ms - 550\u001b[0m","timestamp":"2026-05-05T03:19:09.790Z"}
{"level":"info","message":"\u001b[0mGET /manifest.json \u001b[32m200\u001b[0m 13.253 ms - 482\u001b[0m","timestamp":"2026-05-05T03:19:09.795Z"}
{"level":"info","message":"\u001b[0mGET /js/gamification/streaks.js \u001b[32m200\u001b[0m 17.944 ms - -\u001b[0m","timestamp":"2026-05-05T03:19:09.797Z"}
{"level":"info","message":"\u001b[0mGET /js/audio.js \u001b[32m200\u001b[0m 16.913 ms - -\u001b[0m","timestamp":"2026-05-05T03:19:09.808Z"}
{"level":"info","message":"\u001b[0mGET /js/dashboard.js \u001b[32m200\u001b[0m 14.437 ms - -\u001b[0m","timestamp":"2026-05-05T03:19:09.809Z"}
{"level":"info","message":"\u001b[0mGET /js/gamification/leveling.js \u001b[32m200\u001b[0m 16.555 ms - -\u001b[0m","timestamp":"2026-05-05T03:19:09.813Z"}
{"level":"info","message":"✅ User CONNECTED: tyj-0l69oVEk7tCwAAAD | Auth: false","timestamp":"2026-05-05T03:19:10.158Z"}
{"level":"warn","message":"⚠️ Unauthorized access to ADMIN account SuperAdminTest. Downgrading to SISWA.","timestamp":"2026-05-05T03:19:11.054Z"}
{"level":"info","message":"\u001b[0mGET /sw.js \u001b[32m200\u001b[0m 11.962 ms - -\u001b[0m","timestamp":"2026-05-05T03:19:12.979Z"}
{"level":"info","message":"\u001b[0mGET /html/tajwid.html \u001b[32m200\u001b[0m 1.029 ms - -\u001b[0m","timestamp":"2026-05-05T03:19:17.991Z"}
{"level":"info","message":"❌ User DISCONNECTED: tyj-0l69oVEk7tCwAAAD","timestamp":"2026-05-05T03:19:18.069Z"}
{"level":"info","message":"\u001b[0mGET /css/style.css?v=scrollbar_fix2 \u001b[32m200\u001b[0m 4.444 ms - -\u001b[0m","timestamp":"2026-05-05T03:19:18.186Z"}
{"level":"info","message":"\u001b[0mGET /css/visual-enhancements.css?v=theme_final \u001b[32m200\u001b[0m 10.177 ms - -\u001b[0m","timestamp":"2026-05-05T03:19:18.197Z"}
{"level":"info","message":"\u001b[0mGET /css/streak-effects.css?v=scrollbar_fix2 \u001b[32m200\u001b[0m 9.796 ms - -\u001b[0m","timestamp":"2026-05-05T03:19:18.200Z"}
{"level":"info","message":"\u001b[0mGET /css/tajwid.css?v=center_fix \u001b[32m200\u001b[0m 17.731 ms - -\u001b[0m","timestamp":"2026-05-05T03:19:18.201Z"}
{"level":"info","message":"\u001b[0mGET /css/versus-enhancements.css \u001b[32m200\u001b[0m 15.960 ms - -\u001b[0m","timestamp":"2026-05-05T03:19:18.206Z"}
{"level":"info","message":"\u001b[0mGET /js/audio.js?v=fix_ui_1 \u001b[32m200\u001b[0m 29.402 ms - -\u001b[0m","timestamp":"2026-05-05T03:19:18.239Z"}
{"level":"info","message":"\u001b[0mGET /css/tajwid-versus.css?v=2 \u001b[32m200\u001b[0m 17.787 ms - -\u001b[0m","timestamp":"2026-05-05T03:19:18.243Z"}
{"level":"info","message":"\u001b[0mGET /js/gamification/achievements.js \u001b[32m200\u001b[0m 11.601 ms - -\u001b[0m","timestamp":"2026-05-05T03:19:18.245Z"}
{"level":"info","message":"\u001b[0mGET /js/global.js \u001b[32m200\u001b[0m 17.610 ms - -\u001b[0m","timestamp":"2026-05-05T03:19:18.247Z"}
{"level":"info","message":"\u001b[0mGET /js/gamification/streaks.js \u001b[32m200\u001b[0m 9.099 ms - -\u001b[0m","timestamp":"2026-05-05T03:19:18.248Z"}
{"level":"info","message":"\u001b[0mGET /js/gamification/leveling.js \u001b[32m200\u001b[0m 26.839 ms - -\u001b[0m","timestamp":"2026-05-05T03:19:18.285Z"}
{"level":"info","message":"\u001b[0mGET /js/utils/comboManager.js \u001b[32m200\u001b[0m 26.771 ms - -\u001b[0m","timestamp":"2026-05-05T03:19:18.307Z"}
{"level":"info","message":"\u001b[0mGET /js/utils/particleEffects.js \u001b[32m200\u001b[0m 30.921 ms - -\u001b[0m","timestamp":"2026-05-05T03:19:18.308Z"}
{"level":"info","message":"\u001b[0mGET /js/utils/hintSystem.js \u001b[32m200\u001b[0m 30.532 ms - -\u001b[0m","timestamp":"2026-05-05T03:19:18.313Z"}
{"level":"info","message":"\u001b[0mGET /js/tajwid-versus.js?v=2 \u001b[32m200\u001b[0m 24.828 ms - -\u001b[0m","timestamp":"2026-05-05T03:19:18.321Z"}
{"level":"info","message":"\u001b[0mGET /js/tajwid.js?v=theme_final \u001b[32m200\u001b[0m 28.275 ms - -\u001b[0m","timestamp":"2026-05-05T03:19:18.344Z"}
{"level":"info","message":"✅ User CONNECTED: lrOKXv118qPTO3szAAAF | Auth: false","timestamp":"2026-05-05T03:19:18.557Z"}
{"level":"info","message":"\u001b[0mGET /sw.js \u001b[32m200\u001b[0m 6.475 ms - -\u001b[0m","timestamp":"2026-05-05T03:19:20.182Z"}
