{"level":"info","message":"\u001b[0mGET / \u001b[32m200\u001b[0m 9.608 ms - -\u001b[0m","timestamp":"2026-04-15T07:23:59.614Z"}
{"level":"info","message":"\u001b[0mGET /css/loading.css \u001b[32m200\u001b[0m 16.376 ms - -\u001b[0m","timestamp":"2026-04-15T07:23:59.756Z"}
{"level":"info","message":"\u001b[0mGET /css/design-tokens.css \u001b[32m200\u001b[0m 6.353 ms - -\u001b[0m","timestamp":"2026-04-15T07:23:59.759Z"}
{"level":"info","message":"\u001b[0mGET /css/micro-interactions.css \u001b[32m200\u001b[0m 9.403 ms - -\u001b[0m","timestamp":"2026-04-15T07:23:59.765Z"}
{"level":"info","message":"\u001b[0mGET /css/responsive.css \u001b[32m200\u001b[0m 9.396 ms - -\u001b[0m","timestamp":"2026-04-15T07:23:59.773Z"}
{"level":"info","message":"\u001b[0mGET /css/sidebar-fixes.css \u001b[32m200\u001b[0m 5.028 ms - -\u001b[0m","timestamp":"2026-04-15T07:23:59.776Z"}
{"level":"info","message":"\u001b[0mGET /css/visual-enhancements.css \u001b[32m200\u001b[0m 6.473 ms - -\u001b[0m","timestamp":"2026-04-15T07:23:59.786Z"}
{"level":"info","message":"\u001b[0mGET /css/visual-overhaul.css \u001b[32m200\u001b[0m 27.897 ms - -\u001b[0m","timestamp":"2026-04-15T07:23:59.820Z"}
{"level":"info","message":"\u001b[0mGET /css/style.css?v=final \u001b[32m200\u001b[0m 37.430 ms - -\u001b[0m","timestamp":"2026-04-15T07:23:59.822Z"}
{"level":"info","message":"\u001b[0mGET /css/chat-enhanced.css \u001b[32m200\u001b[0m 16.888 ms - -\u001b[0m","timestamp":"2026-04-15T07:23:59.826Z"}
{"level":"info","message":"\u001b[0mGET /js/utils/animations.js \u001b[32m200\u001b[0m 14.737 ms - -\u001b[0m","timestamp":"2026-04-15T07:23:59.828Z"}
{"level":"info","message":"\u001b[0mGET /js/global.js \u001b[32m200\u001b[0m 14.898 ms - -\u001b[0m","timestamp":"2026-04-15T07:23:59.829Z"}
{"level":"info","message":"\u001b[0mGET /js/utils/loading.js \u001b[32m200\u001b[0m 9.148 ms - -\u001b[0m","timestamp":"2026-04-15T07:23:59.830Z"}
{"level":"info","message":"\u001b[0mGET /js/utils/confetti.js \u001b[32m200\u001b[0m 3.894 ms - -\u001b[0m","timestamp":"2026-04-15T07:23:59.854Z"}
{"level":"info","message":"\u001b[0mGET /js/gamification/achievements.js \u001b[32m200\u001b[0m 10.571 ms - -\u001b[0m","timestamp":"2026-04-15T07:23:59.874Z"}
{"level":"info","message":"\u001b[0mGET /js/gamification/streaks.js \u001b[32m200\u001b[0m 7.265 ms - -\u001b[0m","timestamp":"2026-04-15T07:23:59.874Z"}
{"level":"info","message":"\u001b[0mGET /js/config.js \u001b[32m200\u001b[0m 7.666 ms - 606\u001b[0m","timestamp":"2026-04-15T07:23:59.877Z"}
{"level":"info","message":"\u001b[0mGET /js/audio.js \u001b[32m200\u001b[0m 8.774 ms - -\u001b[0m","timestamp":"2026-04-15T07:23:59.889Z"}
{"level":"info","message":"\u001b[0mGET /js/dashboard.js \u001b[32m200\u001b[0m 15.408 ms - -\u001b[0m","timestamp":"2026-04-15T07:23:59.893Z"}
{"level":"info","message":"\u001b[0mGET /js/gamification/leveling.js \u001b[32m200\u001b[0m 7.908 ms - -\u001b[0m","timestamp":"2026-04-15T07:23:59.894Z"}
{"level":"info","message":"\u001b[0mGET /manifest.json \u001b[32m200\u001b[0m 21.936 ms - 482\u001b[0m","timestamp":"2026-04-15T07:23:59.927Z"}
{"level":"info","message":"\u001b[0mGET /sw.js \u001b[32m200\u001b[0m 1.555 ms - -\u001b[0m","timestamp":"2026-04-15T07:24:03.663Z"}
{"level":"info","message":"\u001b[0mGET /sw.js \u001b[32m200\u001b[0m 5.837 ms - -\u001b[0m","timestamp":"2026-04-15T07:24:04.298Z"}
