{"level":"info","message":"\u001b[0mGET /html/bintang.html \u001b[32m200\u001b[0m 1.843 ms - -\u001b[0m","timestamp":"2026-04-13T03:04:42.272Z"}
{"level":"info","message":"\u001b[0mGET /css/base.css?v=2 \u001b[32m200\u001b[0m 15.431 ms - -\u001b[0m","timestamp":"2026-04-13T03:04:42.459Z"}
{"level":"info","message":"\u001b[0mGET /css/variables.css \u001b[32m200\u001b[0m 12.486 ms - -\u001b[0m","timestamp":"2026-04-13T03:04:42.462Z"}
{"level":"info","message":"\u001b[0mGET /css/bintang.css?v=centered \u001b[32m200\u001b[0m 11.127 ms - -\u001b[0m","timestamp":"2026-04-13T03:04:42.474Z"}
{"level":"info","message":"\u001b[0mGET /css/streak-effects.css \u001b[32m200\u001b[0m 21.689 ms - -\u001b[0m","timestamp":"2026-04-13T03:04:42.492Z"}
{"level":"info","message":"\u001b[0mGET /css/decorative-objects.css \u001b[32m200\u001b[0m 18.710 ms - -\u001b[0m","timestamp":"2026-04-13T03:04:42.495Z"}
{"level":"info","message":"\u001b[0mGET /css/visual-enhancements.css \u001b[32m200\u001b[0m 29.566 ms - -\u001b[0m","timestamp":"2026-04-13T03:04:42.498Z"}
{"level":"info","message":"\u001b[0mGET /js/audio.js \u001b[32m200\u001b[0m 2.746 ms - -\u001b[0m","timestamp":"2026-04-13T03:04:42.520Z"}
{"level":"info","message":"\u001b[0mGET /js/bintang.js \u001b[32m200\u001b[0m 1.501 ms - -\u001b[0m","timestamp":"2026-04-13T03:04:42.531Z"}
{"level":"info","message":"\u001b[0mGET /sw.js \u001b[32m200\u001b[0m 1.263 ms - -\u001b[0m","timestamp":"2026-04-13T03:04:43.297Z"}
{"level":"info","message":"\u001b[0mGET / \u001b[32m200\u001b[0m 2.721 ms - -\u001b[0m","timestamp":"2026-04-13T03:05:46.195Z"}
{"level":"info","message":"\u001b[0mGET /css/design-tokens.css \u001b[32m200\u001b[0m 3.418 ms - -\u001b[0m","timestamp":"2026-04-13T03:05:46.389Z"}
{"level":"info","message":"\u001b[0mGET /css/loading.css \u001b[32m200\u001b[0m 35.391 ms - -\u001b[0m","timestamp":"2026-04-13T03:05:46.470Z"}
{"level":"info","message":"\u001b[0mGET /css/responsive.css \u001b[32m200\u001b[0m 33.322 ms - -\u001b[0m","timestamp":"2026-04-13T03:05:46.476Z"}
{"level":"info","message":"\u001b[0mGET /css/sidebar-fixes.css \u001b[32m200\u001b[0m 37.043 ms - -\u001b[0m","timestamp":"2026-04-13T03:05:46.483Z"}
{"level":"info","message":"\u001b[0mGET /css/micro-interactions.css \u001b[32m200\u001b[0m 37.283 ms - -\u001b[0m","timestamp":"2026-04-13T03:05:46.487Z"}
{"level":"info","message":"\u001b[0mGET /css/style.css?v=final \u001b[32m200\u001b[0m 35.131 ms - -\u001b[0m","timestamp":"2026-04-13T03:05:46.495Z"}
{"level":"info","message":"\u001b[0mGET /css/visual-enhancements.css \u001b[32m200\u001b[0m 35.558 ms - -\u001b[0m","timestamp":"2026-04-13T03:05:46.506Z"}
{"level":"info","message":"\u001b[0mGET /css/visual-overhaul.css \u001b[32m200\u001b[0m 35.787 ms - -\u001b[0m","timestamp":"2026-04-13T03:05:46.560Z"}
{"level":"info","message":"\u001b[0mGET /css/chat-enhanced.css \u001b[32m200\u001b[0m 31.164 ms - -\u001b[0m","timestamp":"2026-04-13T03:05:46.561Z"}
{"level":"info","message":"\u001b[0mGET /js/utils/animations.js \u001b[32m200\u001b[0m 15.887 ms - -\u001b[0m","timestamp":"2026-04-13T03:05:46.562Z"}
{"level":"info","message":"\u001b[0mGET /js/global.js \u001b[32m200\u001b[0m 16.311 ms - -\u001b[0m","timestamp":"2026-04-13T03:05:46.563Z"}
{"level":"info","message":"\u001b[0mGET /js/utils/loading.js \u001b[32m200\u001b[0m 23.685 ms - -\u001b[0m","timestamp":"2026-04-13T03:05:46.567Z"}
{"level":"info","message":"\u001b[0mGET /js/utils/confetti.js \u001b[32m200\u001b[0m 25.301 ms - -\u001b[0m","timestamp":"2026-04-13T03:05:46.569Z"}
{"level":"info","message":"\u001b[0mGET /js/gamification/achievements.js \u001b[32m200\u001b[0m 0.983 ms - -\u001b[0m","timestamp":"2026-04-13T03:05:46.584Z"}
{"level":"info","message":"\u001b[0mGET /js/config.js \u001b[32m200\u001b[0m 7.561 ms - 606\u001b[0m","timestamp":"2026-04-13T03:05:46.588Z"}
{"level":"info","message":"\u001b[0mGET /js/gamification/streaks.js \u001b[32m200\u001b[0m 11.910 ms - -\u001b[0m","timestamp":"2026-04-13T03:05:46.592Z"}
{"level":"info","message":"\u001b[0mGET /js/gamification/leveling.js \u001b[32m200\u001b[0m 11.670 ms - -\u001b[0m","timestamp":"2026-04-13T03:05:46.596Z"}
{"level":"info","message":"\u001b[0mGET /js/audio.js \u001b[32m200\u001b[0m 8.483 ms - -\u001b[0m","timestamp":"2026-04-13T03:05:46.597Z"}
{"level":"info","message":"\u001b[0mGET /js/dashboard.js \u001b[32m200\u001b[0m 8.192 ms - -\u001b[0m","timestamp":"2026-04-13T03:05:46.598Z"}
{"level":"info","message":"\u001b[0mGET /sw.js \u001b[32m200\u001b[0m 1.499 ms - -\u001b[0m","timestamp":"2026-04-13T03:05:47.194Z"}
