{"level":"info","message":"🚀 Server jalan di Port 3000","timestamp":"2026-04-14T04:17:58.694Z"}
{"level":"info","message":"\u001b[0mGET / \u001b[32m200\u001b[0m 19.796 ms - -\u001b[0m","timestamp":"2026-04-14T04:18:07.272Z"}
{"level":"info","message":"\u001b[0mGET /css/design-tokens.css \u001b[32m200\u001b[0m 12.721 ms - -\u001b[0m","timestamp":"2026-04-14T04:18:07.373Z"}
{"level":"info","message":"\u001b[0mGET /css/loading.css \u001b[32m200\u001b[0m 16.833 ms - -\u001b[0m","timestamp":"2026-04-14T04:18:07.396Z"}
{"level":"info","message":"\u001b[0mGET /css/visual-enhancements.css \u001b[32m200\u001b[0m 15.933 ms - -\u001b[0m","timestamp":"2026-04-14T04:18:07.398Z"}
{"level":"info","message":"\u001b[0mGET /css/sidebar-fixes.css \u001b[32m200\u001b[0m 10.502 ms - -\u001b[0m","timestamp":"2026-04-14T04:18:07.409Z"}
{"level":"info","message":"\u001b[0mGET /css/micro-interactions.css \u001b[32m200\u001b[0m 13.166 ms - -\u001b[0m","timestamp":"2026-04-14T04:18:07.416Z"}
{"level":"info","message":"\u001b[0mGET /css/style.css?v=final \u001b[32m200\u001b[0m 10.892 ms - -\u001b[0m","timestamp":"2026-04-14T04:18:07.426Z"}
{"level":"info","message":"\u001b[0mGET /css/responsive.css \u001b[32m200\u001b[0m 11.097 ms - -\u001b[0m","timestamp":"2026-04-14T04:18:07.430Z"}
{"level":"info","message":"\u001b[0mGET /css/chat-enhanced.css \u001b[32m200\u001b[0m 48.530 ms - -\u001b[0m","timestamp":"2026-04-14T04:18:07.506Z"}
{"level":"info","message":"\u001b[0mGET /css/visual-overhaul.css \u001b[32m200\u001b[0m 49.995 ms - -\u001b[0m","timestamp":"2026-04-14T04:18:07.510Z"}
{"level":"info","message":"\u001b[0mGET /js/global.js \u001b[32m200\u001b[0m 52.143 ms - -\u001b[0m","timestamp":"2026-04-14T04:18:07.516Z"}
{"level":"info","message":"\u001b[0mGET /js/utils/animations.js \u001b[32m200\u001b[0m 29.730 ms - -\u001b[0m","timestamp":"2026-04-14T04:18:07.527Z"}
{"level":"info","message":"\u001b[0mGET /js/utils/loading.js \u001b[32m200\u001b[0m 28.221 ms - -\u001b[0m","timestamp":"2026-04-14T04:18:07.532Z"}
{"level":"info","message":"\u001b[0mGET /js/utils/confetti.js \u001b[32m200\u001b[0m 33.547 ms - -\u001b[0m","timestamp":"2026-04-14T04:18:07.536Z"}
{"level":"info","message":"\u001b[0mGET /js/config.js \u001b[32m200\u001b[0m 11.468 ms - 606\u001b[0m","timestamp":"2026-04-14T04:18:07.554Z"}
{"level":"info","message":"\u001b[0mGET /js/gamification/achievements.js \u001b[32m200\u001b[0m 20.296 ms - -\u001b[0m","timestamp":"2026-04-14T04:18:07.556Z"}
{"level":"info","message":"\u001b[0mGET /js/gamification/streaks.js \u001b[32m200\u001b[0m 20.047 ms - -\u001b[0m","timestamp":"2026-04-14T04:18:07.558Z"}
{"level":"info","message":"\u001b[0mGET /js/gamification/leveling.js \u001b[32m200\u001b[0m 17.842 ms - -\u001b[0m","timestamp":"2026-04-14T04:18:07.561Z"}
{"level":"info","message":"\u001b[0mGET /js/dashboard.js \u001b[32m200\u001b[0m 18.041 ms - -\u001b[0m","timestamp":"2026-04-14T04:18:07.568Z"}
{"level":"info","message":"\u001b[0mGET /js/audio.js \u001b[32m200\u001b[0m 18.609 ms - -\u001b[0m","timestamp":"2026-04-14T04:18:07.569Z"}
{"level":"info","message":"\u001b[0mGET /sw.js \u001b[32m200\u001b[0m 3.034 ms - -\u001b[0m","timestamp":"2026-04-14T04:18:08.282Z"}
{"level":"info","message":"\u001b[0mGET /html/guru.html \u001b[32m200\u001b[0m 2.395 ms - -\u001b[0m","timestamp":"2026-04-14T04:18:32.529Z"}
{"level":"info","message":"\u001b[0mGET /css/guru.css?v=final \u001b[32m200\u001b[0m 2.092 ms - -\u001b[0m","timestamp":"2026-04-14T04:18:32.661Z"}
{"level":"info","message":"\u001b[0mGET /sw.js \u001b[32m200\u001b[0m 1.077 ms - -\u001b[0m","timestamp":"2026-04-14T04:18:33.576Z"}
{"level":"info","message":"\u001b[0mGET / \u001b[32m200\u001b[0m 2.205 ms - -\u001b[0m","timestamp":"2026-04-14T04:28:34.144Z"}
{"level":"info","message":"\u001b[0mGET /css/design-tokens.css \u001b[32m200\u001b[0m 4.703 ms - -\u001b[0m","timestamp":"2026-04-14T04:28:34.224Z"}
{"level":"info","message":"\u001b[0mGET /css/loading.css \u001b[32m200\u001b[0m 12.224 ms - -\u001b[0m","timestamp":"2026-04-14T04:28:34.248Z"}
{"level":"info","message":"\u001b[0mGET /css/micro-interactions.css \u001b[32m200\u001b[0m 12.345 ms - -\u001b[0m","timestamp":"2026-04-14T04:28:34.271Z"}
{"level":"info","message":"\u001b[0mGET /css/responsive.css \u001b[32m200\u001b[0m 43.255 ms - -\u001b[0m","timestamp":"2026-04-14T04:28:34.296Z"}
{"level":"info","message":"\u001b[0mGET /css/style.css?v=final \u001b[32m200\u001b[0m 31.134 ms - -\u001b[0m","timestamp":"2026-04-14T04:28:34.302Z"}
{"level":"info","message":"\u001b[0mGET /css/visual-overhaul.css \u001b[32m200\u001b[0m 12.607 ms - -\u001b[0m","timestamp":"2026-04-14T04:28:34.303Z"}
{"level":"info","message":"\u001b[0mGET /css/visual-enhancements.css \u001b[32m200\u001b[0m 11.286 ms - -\u001b[0m","timestamp":"2026-04-14T04:28:34.305Z"}
{"level":"info","message":"\u001b[0mGET /css/chat-enhanced.css \u001b[32m200\u001b[0m 12.927 ms - -\u001b[0m","timestamp":"2026-04-14T04:28:34.310Z"}
{"level":"info","message":"\u001b[0mGET /css/sidebar-fixes.css \u001b[32m200\u001b[0m 13.064 ms - -\u001b[0m","timestamp":"2026-04-14T04:28:34.312Z"}
{"level":"info","message":"\u001b[0mGET /js/utils/animations.js \u001b[32m200\u001b[0m 4.990 ms - -\u001b[0m","timestamp":"2026-04-14T04:28:34.328Z"}
{"level":"info","message":"\u001b[0mGET /js/utils/loading.js \u001b[32m200\u001b[0m 7.066 ms - -\u001b[0m","timestamp":"2026-04-14T04:28:34.329Z"}
{"level":"info","message":"\u001b[0mGET /js/global.js \u001b[32m200\u001b[0m 9.688 ms - -\u001b[0m","timestamp":"2026-04-14T04:28:34.335Z"}
{"level":"info","message":"\u001b[0mGET /js/config.js \u001b[32m200\u001b[0m 6.845 ms - 606\u001b[0m","timestamp":"2026-04-14T04:28:34.345Z"}
{"level":"info","message":"\u001b[0mGET /js/utils/confetti.js \u001b[32m200\u001b[0m 9.292 ms - -\u001b[0m","timestamp":"2026-04-14T04:28:34.347Z"}
{"level":"info","message":"\u001b[0mGET /js/gamification/achievements.js \u001b[32m200\u001b[0m 9.095 ms - -\u001b[0m","timestamp":"2026-04-14T04:28:34.348Z"}
{"level":"info","message":"\u001b[0mGET /js/gamification/streaks.js \u001b[32m200\u001b[0m 8.644 ms - -\u001b[0m","timestamp":"2026-04-14T04:28:34.349Z"}
{"level":"info","message":"\u001b[0mGET /js/gamification/leveling.js \u001b[32m200\u001b[0m 7.159 ms - -\u001b[0m","timestamp":"2026-04-14T04:28:34.355Z"}
{"level":"info","message":"\u001b[0mGET /js/audio.js \u001b[32m200\u001b[0m 6.042 ms - -\u001b[0m","timestamp":"2026-04-14T04:28:34.358Z"}
{"level":"info","message":"\u001b[0mGET /js/dashboard.js \u001b[32m200\u001b[0m 5.248 ms - -\u001b[0m","timestamp":"2026-04-14T04:28:34.360Z"}
{"level":"info","message":"\u001b[0mGET /sw.js \u001b[32m200\u001b[0m 1.832 ms - -\u001b[0m","timestamp":"2026-04-14T04:28:35.193Z"}
{"level":"info","message":"\u001b[0mGET /html/math.html \u001b[32m200\u001b[0m 4.576 ms - -\u001b[0m","timestamp":"2026-04-14T04:28:36.070Z"}
{"level":"info","message":"\u001b[0mGET /css/base.css?v=2 \u001b[32m200\u001b[0m 2.071 ms - -\u001b[0m","timestamp":"2026-04-14T04:28:36.196Z"}
{"level":"info","message":"\u001b[0mGET /css/variables.css?v=2 \u001b[32m200\u001b[0m 11.718 ms - -\u001b[0m","timestamp":"2026-04-14T04:28:36.245Z"}
{"level":"info","message":"\u001b[0mGET /css/math.css?v=2 \u001b[32m200\u001b[0m 10.079 ms - -\u001b[0m","timestamp":"2026-04-14T04:28:36.247Z"}
{"level":"info","message":"\u001b[0mGET /css/visual-enhancements.css \u001b[32m200\u001b[0m 9.745 ms - -\u001b[0m","timestamp":"2026-04-14T04:28:36.249Z"}
{"level":"info","message":"\u001b[0mGET /css/decorative-objects.css \u001b[32m200\u001b[0m 9.233 ms - -\u001b[0m","timestamp":"2026-04-14T04:28:36.251Z"}
{"level":"info","message":"\u001b[0mGET /css/streak-effects.css \u001b[32m200\u001b[0m 9.231 ms - -\u001b[0m","timestamp":"2026-04-14T04:28:36.252Z"}
{"level":"info","message":"\u001b[0mGET /js/audio.js?v=final \u001b[32m200\u001b[0m 8.954 ms - -\u001b[0m","timestamp":"2026-04-14T04:28:36.254Z"}
{"level":"info","message":"\u001b[0mGET /js/gamification/achievements.js \u001b[32m200\u001b[0m 5.472 ms - -\u001b[0m","timestamp":"2026-04-14T04:28:36.281Z"}
{"level":"info","message":"\u001b[0mGET /js/gamification/streaks.js \u001b[32m200\u001b[0m 4.787 ms - -\u001b[0m","timestamp":"2026-04-14T04:28:36.294Z"}
{"level":"info","message":"\u001b[0mGET /js/global.js \u001b[32m200\u001b[0m 6.091 ms - -\u001b[0m","timestamp":"2026-04-14T04:28:36.295Z"}
{"level":"info","message":"\u001b[0mGET /js/gamification/leveling.js \u001b[32m200\u001b[0m 14.359 ms - -\u001b[0m","timestamp":"2026-04-14T04:28:36.303Z"}
{"level":"info","message":"\u001b[0mGET /js/utils/particleEffects.js \u001b[32m200\u001b[0m 10.901 ms - -\u001b[0m","timestamp":"2026-04-14T04:28:36.305Z"}
{"level":"info","message":"\u001b[0mGET /js/utils/comboManager.js \u001b[32m200\u001b[0m 7.134 ms - -\u001b[0m","timestamp":"2026-04-14T04:28:36.306Z"}
{"level":"info","message":"\u001b[0mGET /js/game.js?v=Refactored \u001b[32m200\u001b[0m 3.002 ms - -\u001b[0m","timestamp":"2026-04-14T04:28:36.311Z"}
{"level":"info","message":"\u001b[0mGET /js/classes/GameEngine.js \u001b[32m200\u001b[0m 2.828 ms - -\u001b[0m","timestamp":"2026-04-14T04:28:36.457Z"}
{"level":"info","message":"\u001b[0mGET /js/utils/ui.js \u001b[32m200\u001b[0m 4.521 ms - -\u001b[0m","timestamp":"2026-04-14T04:28:36.473Z"}
{"level":"info","message":"\u001b[0mGET /sw.js \u001b[32m200\u001b[0m 3.339 ms - -\u001b[0m","timestamp":"2026-04-14T04:28:36.488Z"}
{"level":"info","message":"\u001b[0mGET /sw.js \u001b[32m200\u001b[0m 4.429 ms - -\u001b[0m","timestamp":"2026-04-14T04:28:37.565Z"}
{"level":"info","message":"\u001b[0mGET / \u001b[32m200\u001b[0m 6.292 ms - -\u001b[0m","timestamp":"2026-04-14T04:29:12.961Z"}
{"level":"info","message":"\u001b[0mGET /css/design-tokens.css \u001b[32m200\u001b[0m 2.457 ms - -\u001b[0m","timestamp":"2026-04-14T04:29:13.053Z"}
{"level":"info","message":"\u001b[0mGET /css/loading.css \u001b[32m200\u001b[0m 9.964 ms - -\u001b[0m","timestamp":"2026-04-14T04:29:13.097Z"}
{"level":"info","message":"\u001b[0mGET /css/responsive.css \u001b[32m200\u001b[0m 34.796 ms - -\u001b[0m","timestamp":"2026-04-14T04:29:13.101Z"}
{"level":"info","message":"\u001b[0mGET /css/visual-enhancements.css \u001b[32m200\u001b[0m 14.459 ms - -\u001b[0m","timestamp":"2026-04-14T04:29:13.106Z"}
{"level":"info","message":"\u001b[0mGET /css/sidebar-fixes.css \u001b[32m200\u001b[0m 15.060 ms - -\u001b[0m","timestamp":"2026-04-14T04:29:13.108Z"}
{"level":"info","message":"\u001b[0mGET /css/micro-interactions.css \u001b[32m200\u001b[0m 34.328 ms - -\u001b[0m","timestamp":"2026-04-14T04:29:13.112Z"}
{"level":"info","message":"\u001b[0mGET /css/visual-overhaul.css \u001b[32m200\u001b[0m 25.227 ms - -\u001b[0m","timestamp":"2026-04-14T04:29:13.133Z"}
{"level":"info","message":"\u001b[0mGET /css/style.css?v=final \u001b[32m200\u001b[0m 27.944 ms - -\u001b[0m","timestamp":"2026-04-14T04:29:13.137Z"}
{"level":"info","message":"\u001b[0mGET /css/chat-enhanced.css \u001b[32m200\u001b[0m 28.085 ms - -\u001b[0m","timestamp":"2026-04-14T04:29:13.153Z"}
{"level":"info","message":"\u001b[0mGET /js/utils/animations.js \u001b[32m200\u001b[0m 23.429 ms - -\u001b[0m","timestamp":"2026-04-14T04:29:13.157Z"}
{"level":"info","message":"\u001b[0mGET /js/utils/loading.js \u001b[32m200\u001b[0m 23.574 ms - -\u001b[0m","timestamp":"2026-04-14T04:29:13.161Z"}
{"level":"info","message":"\u001b[0mGET /js/utils/confetti.js \u001b[32m200\u001b[0m 7.999 ms - -\u001b[0m","timestamp":"2026-04-14T04:29:13.172Z"}
{"level":"info","message":"\u001b[0mGET /js/global.js \u001b[32m200\u001b[0m 23.684 ms - -\u001b[0m","timestamp":"2026-04-14T04:29:13.175Z"}
{"level":"info","message":"\u001b[0mGET /js/config.js \u001b[32m200\u001b[0m 13.849 ms - 606\u001b[0m","timestamp":"2026-04-14T04:29:13.186Z"}
{"level":"info","message":"\u001b[0mGET /js/gamification/achievements.js \u001b[32m200\u001b[0m 11.113 ms - -\u001b[0m","timestamp":"2026-04-14T04:29:13.188Z"}
{"level":"info","message":"\u001b[0mGET /js/gamification/leveling.js \u001b[32m200\u001b[0m 17.261 ms - -\u001b[0m","timestamp":"2026-04-14T04:29:13.193Z"}
{"level":"info","message":"\u001b[0mGET /js/audio.js \u001b[32m200\u001b[0m 8.957 ms - -\u001b[0m","timestamp":"2026-04-14T04:29:13.195Z"}
{"level":"info","message":"\u001b[0mGET /js/gamification/streaks.js \u001b[32m200\u001b[0m 21.444 ms - -\u001b[0m","timestamp":"2026-04-14T04:29:13.197Z"}
{"level":"info","message":"\u001b[0mGET /js/dashboard.js \u001b[32m200\u001b[0m 8.572 ms - -\u001b[0m","timestamp":"2026-04-14T04:29:13.200Z"}
{"level":"info","message":"\u001b[0mGET /sw.js \u001b[32m200\u001b[0m 2.394 ms - -\u001b[0m","timestamp":"2026-04-14T04:29:14.053Z"}
{"level":"info","message":"\u001b[0mGET /html/ayat.html \u001b[32m200\u001b[0m 6.741 ms - -\u001b[0m","timestamp":"2026-04-14T04:40:52.625Z"}
{"level":"info","message":"\u001b[0mGET /css/style.css?v=save_v2 \u001b[32m200\u001b[0m 13.163 ms - -\u001b[0m","timestamp":"2026-04-14T04:40:52.952Z"}
{"level":"info","message":"\u001b[0mGET /css/ayat.css?v=save_v2 \u001b[32m200\u001b[0m 17.197 ms - -\u001b[0m","timestamp":"2026-04-14T04:40:53.015Z"}
{"level":"info","message":"\u001b[0mGET /css/ayat-versus.css \u001b[32m200\u001b[0m 43.877 ms - -\u001b[0m","timestamp":"2026-04-14T04:40:53.017Z"}
{"level":"info","message":"\u001b[0mGET /css/visual-enhancements.css \u001b[32m200\u001b[0m 103.899 ms - -\u001b[0m","timestamp":"2026-04-14T04:40:53.046Z"}
{"level":"info","message":"\u001b[0mGET /css/versus-enhancements.css \u001b[32m200\u001b[0m 103.909 ms - -\u001b[0m","timestamp":"2026-04-14T04:40:53.082Z"}
{"level":"info","message":"\u001b[0mGET /js/global.js \u001b[32m200\u001b[0m 74.132 ms - -\u001b[0m","timestamp":"2026-04-14T04:40:53.097Z"}
{"level":"info","message":"\u001b[0mGET /js/audio.js?v=final \u001b[32m200\u001b[0m 71.941 ms - -\u001b[0m","timestamp":"2026-04-14T04:40:53.101Z"}
{"level":"info","message":"\u001b[0mGET /js/gamification/achievements.js \u001b[32m200\u001b[0m 69.706 ms - -\u001b[0m","timestamp":"2026-04-14T04:40:53.133Z"}
{"level":"info","message":"\u001b[0mGET /js/gamification/streaks.js \u001b[32m200\u001b[0m 58.814 ms - -\u001b[0m","timestamp":"2026-04-14T04:40:53.135Z"}
{"level":"info","message":"\u001b[0mGET /js/gamification/leveling.js \u001b[32m200\u001b[0m 41.235 ms - -\u001b[0m","timestamp":"2026-04-14T04:40:53.141Z"}
{"level":"info","message":"\u001b[0mGET /js/utils/comboManager.js \u001b[32m200\u001b[0m 28.679 ms - -\u001b[0m","timestamp":"2026-04-14T04:40:53.143Z"}
{"level":"info","message":"\u001b[0mGET /js/ayat-versus.js?v=debug_fix_dom \u001b[32m200\u001b[0m 28.647 ms - -\u001b[0m","timestamp":"2026-04-14T04:40:53.156Z"}
{"level":"info","message":"\u001b[0mGET /js/ayat.js?v=save_v2 \u001b[32m200\u001b[0m 29.357 ms - -\u001b[0m","timestamp":"2026-04-14T04:40:53.158Z"}
{"level":"info","message":"\u001b[0mGET /sw.js \u001b[32m200\u001b[0m 0.864 ms - -\u001b[0m","timestamp":"2026-04-14T04:40:53.615Z"}
{"level":"info","message":"\u001b[0mGET /html/ayat.html \u001b[32m200\u001b[0m 4.386 ms - -\u001b[0m","timestamp":"2026-04-14T04:41:13.517Z"}
{"level":"info","message":"\u001b[0mGET /css/style.css?v=save_v2 \u001b[32m200\u001b[0m 9.325 ms - -\u001b[0m","timestamp":"2026-04-14T04:41:13.686Z"}
{"level":"info","message":"\u001b[0mGET /css/ayat.css?v=save_v2 \u001b[32m200\u001b[0m 10.405 ms - -\u001b[0m","timestamp":"2026-04-14T04:41:13.691Z"}
{"level":"info","message":"\u001b[0mGET /css/visual-enhancements.css \u001b[32m200\u001b[0m 11.025 ms - -\u001b[0m","timestamp":"2026-04-14T04:41:13.702Z"}
{"level":"info","message":"\u001b[0mGET /css/ayat-versus.css \u001b[32m200\u001b[0m 12.746 ms - -\u001b[0m","timestamp":"2026-04-14T04:41:13.710Z"}
{"level":"info","message":"\u001b[0mGET /css/versus-enhancements.css \u001b[32m200\u001b[0m 18.496 ms - -\u001b[0m","timestamp":"2026-04-14T04:41:13.712Z"}
{"level":"info","message":"\u001b[0mGET /js/audio.js?v=final \u001b[32m200\u001b[0m 25.379 ms - -\u001b[0m","timestamp":"2026-04-14T04:41:13.762Z"}
{"level":"info","message":"\u001b[0mGET /js/global.js \u001b[32m200\u001b[0m 24.268 ms - -\u001b[0m","timestamp":"2026-04-14T04:41:13.765Z"}
{"level":"info","message":"\u001b[0mGET /js/gamification/achievements.js \u001b[32m200\u001b[0m 22.698 ms - -\u001b[0m","timestamp":"2026-04-14T04:41:13.769Z"}
{"level":"info","message":"\u001b[0mGET /js/gamification/streaks.js \u001b[32m200\u001b[0m 18.982 ms - -\u001b[0m","timestamp":"2026-04-14T04:41:13.771Z"}
{"level":"info","message":"\u001b[0mGET /js/gamification/leveling.js \u001b[32m200\u001b[0m 18.531 ms - -\u001b[0m","timestamp":"2026-04-14T04:41:13.772Z"}
{"level":"info","message":"\u001b[0mGET /js/utils/comboManager.js \u001b[32m200\u001b[0m 26.586 ms - -\u001b[0m","timestamp":"2026-04-14T04:41:13.812Z"}
{"level":"info","message":"\u001b[0mGET /js/ayat-versus.js?v=debug_fix_dom \u001b[32m200\u001b[0m 23.306 ms - -\u001b[0m","timestamp":"2026-04-14T04:41:13.852Z"}
{"level":"info","message":"\u001b[0mGET /js/ayat.js?v=save_v2 \u001b[32m200\u001b[0m 21.891 ms - -\u001b[0m","timestamp":"2026-04-14T04:41:13.858Z"}
{"level":"info","message":"\u001b[0mGET /sw.js \u001b[32m200\u001b[0m 0.614 ms - -\u001b[0m","timestamp":"2026-04-14T04:41:14.582Z"}
{"level":"info","message":"\u001b[0mGET / \u001b[32m200\u001b[0m 3.256 ms - -\u001b[0m","timestamp":"2026-04-14T04:45:51.041Z"}
{"level":"info","message":"\u001b[0mGET /css/design-tokens.css \u001b[32m200\u001b[0m 4.355 ms - -\u001b[0m","timestamp":"2026-04-14T04:45:51.137Z"}
{"level":"info","message":"\u001b[0mGET /css/loading.css \u001b[32m200\u001b[0m 37.644 ms - -\u001b[0m","timestamp":"2026-04-14T04:45:51.196Z"}
{"level":"info","message":"\u001b[0mGET /css/micro-interactions.css \u001b[32m200\u001b[0m 12.164 ms - -\u001b[0m","timestamp":"2026-04-14T04:45:51.205Z"}
{"level":"info","message":"\u001b[0mGET /css/responsive.css \u001b[32m200\u001b[0m 12.295 ms - -\u001b[0m","timestamp":"2026-04-14T04:45:51.214Z"}
{"level":"info","message":"\u001b[0mGET /css/style.css?v=final \u001b[32m200\u001b[0m 18.800 ms - -\u001b[0m","timestamp":"2026-04-14T04:45:51.247Z"}
{"level":"info","message":"\u001b[0mGET /css/sidebar-fixes.css \u001b[32m200\u001b[0m 28.974 ms - -\u001b[0m","timestamp":"2026-04-14T04:45:51.253Z"}
{"level":"info","message":"\u001b[0mGET /css/visual-enhancements.css \u001b[32m200\u001b[0m 33.926 ms - -\u001b[0m","timestamp":"2026-04-14T04:45:51.260Z"}
{"level":"info","message":"\u001b[0mGET /css/visual-overhaul.css \u001b[32m200\u001b[0m 28.520 ms - -\u001b[0m","timestamp":"2026-04-14T04:45:51.265Z"}
{"level":"info","message":"\u001b[0mGET /css/chat-enhanced.css \u001b[32m200\u001b[0m 28.910 ms - -\u001b[0m","timestamp":"2026-04-14T04:45:51.266Z"}
{"level":"info","message":"\u001b[0mGET /js/global.js \u001b[32m200\u001b[0m 65.311 ms - -\u001b[0m","timestamp":"2026-04-14T04:45:51.289Z"}
{"level":"info","message":"\u001b[0mGET /js/utils/loading.js \u001b[32m200\u001b[0m 34.627 ms - -\u001b[0m","timestamp":"2026-04-14T04:45:51.316Z"}
{"level":"info","message":"\u001b[0mGET /js/utils/animations.js \u001b[32m200\u001b[0m 37.402 ms - -\u001b[0m","timestamp":"2026-04-14T04:45:51.317Z"}
{"level":"info","message":"\u001b[0mGET /js/utils/confetti.js \u001b[32m200\u001b[0m 34.712 ms - -\u001b[0m","timestamp":"2026-04-14T04:45:51.319Z"}
{"level":"info","message":"\u001b[0mGET /js/gamification/achievements.js \u001b[32m200\u001b[0m 33.382 ms - -\u001b[0m","timestamp":"2026-04-14T04:45:51.319Z"}
{"level":"info","message":"\u001b[0mGET /js/gamification/streaks.js \u001b[32m200\u001b[0m 30.421 ms - -\u001b[0m","timestamp":"2026-04-14T04:45:51.325Z"}
{"level":"info","message":"\u001b[0mGET /js/config.js \u001b[32m200\u001b[0m 5.439 ms - 606\u001b[0m","timestamp":"2026-04-14T04:45:51.329Z"}
{"level":"info","message":"\u001b[0mGET /js/gamification/leveling.js \u001b[32m200\u001b[0m 16.758 ms - -\u001b[0m","timestamp":"2026-04-14T04:45:51.334Z"}
{"level":"info","message":"\u001b[0mGET /js/audio.js \u001b[32m200\u001b[0m 9.239 ms - -\u001b[0m","timestamp":"2026-04-14T04:45:51.336Z"}
{"level":"info","message":"\u001b[0mGET /js/dashboard.js \u001b[32m200\u001b[0m 8.650 ms - -\u001b[0m","timestamp":"2026-04-14T04:45:51.340Z"}
{"level":"info","message":"\u001b[0mGET /sw.js \u001b[32m200\u001b[0m 1.656 ms - -\u001b[0m","timestamp":"2026-04-14T04:45:52.059Z"}
{"level":"info","message":"\u001b[0mGET /html/memory.html \u001b[32m200\u001b[0m 7.310 ms - -\u001b[0m","timestamp":"2026-04-14T04:47:11.596Z"}
{"level":"info","message":"\u001b[0mGET /css/memory.css?v=fix \u001b[32m200\u001b[0m 15.053 ms - -\u001b[0m","timestamp":"2026-04-14T04:47:11.739Z"}
{"level":"info","message":"\u001b[0mGET /css/visual-enhancements.css \u001b[32m200\u001b[0m 12.490 ms - -\u001b[0m","timestamp":"2026-04-14T04:47:11.747Z"}
{"level":"info","message":"\u001b[0mGET /css/streak-effects.css \u001b[32m200\u001b[0m 11.132 ms - -\u001b[0m","timestamp":"2026-04-14T04:47:11.749Z"}
{"level":"info","message":"\u001b[0mGET /js/audio.js \u001b[32m200\u001b[0m 17.723 ms - -\u001b[0m","timestamp":"2026-04-14T04:47:11.755Z"}
{"level":"info","message":"\u001b[0mGET /js/global.js \u001b[32m200\u001b[0m 20.655 ms - -\u001b[0m","timestamp":"2026-04-14T04:47:11.764Z"}
{"level":"info","message":"\u001b[0mGET /js/gamification/achievements.js \u001b[32m200\u001b[0m 16.065 ms - -\u001b[0m","timestamp":"2026-04-14T04:47:11.768Z"}
{"level":"info","message":"\u001b[0mGET /js/gamification/streaks.js \u001b[32m200\u001b[0m 13.763 ms - -\u001b[0m","timestamp":"2026-04-14T04:47:11.776Z"}
{"level":"info","message":"\u001b[0mGET /js/gamification/leveling.js \u001b[32m200\u001b[0m 8.758 ms - -\u001b[0m","timestamp":"2026-04-14T04:47:11.778Z"}
{"level":"info","message":"\u001b[0mGET /js/utils/particleEffects.js \u001b[32m200\u001b[0m 10.464 ms - -\u001b[0m","timestamp":"2026-04-14T04:47:11.782Z"}
{"level":"info","message":"\u001b[0mGET /js/utils/comboManager.js \u001b[32m200\u001b[0m 8.918 ms - -\u001b[0m","timestamp":"2026-04-14T04:47:11.784Z"}
{"level":"info","message":"\u001b[0mGET /js/memory.js?v=fix \u001b[32m200\u001b[0m 11.196 ms - -\u001b[0m","timestamp":"2026-04-14T04:47:11.787Z"}
{"level":"info","message":"\u001b[0mGET /sw.js \u001b[32m200\u001b[0m 2.761 ms - -\u001b[0m","timestamp":"2026-04-14T04:47:12.590Z"}
