{"level":"warn","message":"⚠️ [Versus] Blokir lapor skor ilegal: Sesi tidak valid. User: TestUser, Game: math","timestamp":"2026-04-30T04:06:28.888Z"}
{"level":"info","message":"\u001b[0mGET / \u001b[32m200\u001b[0m 20.756 ms - -\u001b[0m","timestamp":"2026-04-30T04:06:30.497Z"}
{"level":"info","message":"\u001b[0mPOST /api/login-guru \u001b[33m401\u001b[0m 13.143 ms - 45\u001b[0m","timestamp":"2026-04-30T04:06:30.599Z"}
{"level":"info","message":"\u001b[0mPOST /api/login-guru \u001b[32m200\u001b[0m 6.030 ms - 213\u001b[0m","timestamp":"2026-04-30T04:06:30.616Z"}
{"level":"info","message":"✅ DATABASE POSTGRE: AMAN!","timestamp":"2026-04-30T04:06:33.110Z"}
{"level":"warn","message":"⚠️ [Versus] Blokir lapor skor ilegal: Sesi tidak valid. User: TestUser, Game: math","timestamp":"2026-04-30T04:07:22.940Z"}
{"level":"info","message":"\u001b[0mGET / \u001b[32m200\u001b[0m 34.842 ms - -\u001b[0m","timestamp":"2026-04-30T04:07:23.887Z"}
{"level":"info","message":"\u001b[0mPOST /api/login-guru \u001b[33m401\u001b[0m 10.597 ms - 45\u001b[0m","timestamp":"2026-04-30T04:07:23.959Z"}
{"level":"info","message":"\u001b[0mPOST /api/login-guru \u001b[32m200\u001b[0m 10.165 ms - 213\u001b[0m","timestamp":"2026-04-30T04:07:23.981Z"}
{"level":"info","message":"✅ DATABASE POSTGRE: AMAN!","timestamp":"2026-04-30T04:07:26.050Z"}
{"level":"warn","message":"⚠️ [Versus] Blokir lapor skor ilegal: Sesi tidak valid. User: TestUser, Game: math","timestamp":"2026-04-30T04:07:43.329Z"}
{"level":"info","message":"🏆 [Versus] TestUser MENANG melawan Player 2 di game math! Bonus +50XP & +20Coins","timestamp":"2026-04-30T04:11:58.971Z"}
{"level":"info","message":"\u001b[0mGET / \u001b[32m200\u001b[0m 32.457 ms - -\u001b[0m","timestamp":"2026-04-30T04:11:59.742Z"}
{"level":"info","message":"\u001b[0mPOST /api/login-guru \u001b[33m401\u001b[0m 18.112 ms - 45\u001b[0m","timestamp":"2026-04-30T04:11:59.828Z"}
{"level":"info","message":"\u001b[0mPOST /api/login-guru \u001b[32m200\u001b[0m 5.889 ms - 213\u001b[0m","timestamp":"2026-04-30T04:11:59.847Z"}
{"level":"info","message":"✅ DATABASE POSTGRE: AMAN!","timestamp":"2026-04-30T04:12:02.147Z"}
{"level":"warn","message":"⚠️ Percobaan equip ilegal: TestUser mau pakai neon","timestamp":"2026-04-30T04:16:19.924Z"}
{"level":"error","message":"❌ Gagal ambil profil SQL: DB Down","timestamp":"2026-04-30T04:16:20.084Z"}
{"level":"warn","message":"⚠️ Blokir skor ilegal: Sesi tidak valid. User: TestUser, Game: math","timestamp":"2026-04-30T04:16:20.125Z"}
{"level":"warn","message":"⚠️ Blokir skor ilegal: Sesi tidak valid. User: TestUser, Game: math","timestamp":"2026-04-30T04:16:20.138Z"}
{"level":"warn","message":"⚠️ Speedhack Dicegah: TestUser dapat skor 200 dalam 100ms (Game: math)","timestamp":"2026-04-30T04:16:20.177Z"}
{"level":"warn","message":"⚠️ Suspicious Score Attempt: 99999 (max: 3000) by TestUser in math","timestamp":"2026-04-30T04:16:20.198Z"}
{"level":"error","message":"❌ Gagal ambil leaderboard SQL: DB Error","timestamp":"2026-04-30T04:16:20.243Z"}
{"level":"warn","message":"⚠️ Unauthenticated role update attempt from socket-test-id","timestamp":"2026-04-30T04:16:20.252Z"}
{"level":"warn","message":"⚠️ Invalid role value: superuser from Admin1","timestamp":"2026-04-30T04:16:20.257Z"}
{"level":"warn","message":"⚠️ Self-edit attempt blocked: Admin1","timestamp":"2026-04-30T04:16:20.267Z"}
{"level":"info","message":"✅ ROLE UPDATE SUCCESS:\n   Requestor: Admin1 (admin)\n   Target: Murid1\n   Change: siswa → guru\n   IP: 127.0.0.1\n   Time: 2026-04-30T04:16:20.271Z","timestamp":"2026-04-30T04:16:20.271Z"}
{"level":"error","message":"❌ DB ERROR mintaSoalAI: DB Timeout","timestamp":"2026-04-30T04:16:20.519Z"}
{"level":"error","message":"❌ Tutor Error: AI Timeout","timestamp":"2026-04-30T04:16:20.538Z"}
{"level":"info","message":"🏆 [Versus] TestUser MENANG melawan Player 2 di game math! Bonus +50XP & +20Coins","timestamp":"2026-04-30T04:16:21.079Z"}
{"level":"info","message":"\u001b[0mGET / \u001b[32m200\u001b[0m 15.620 ms - -\u001b[0m","timestamp":"2026-04-30T04:16:22.017Z"}
{"level":"info","message":"\u001b[0mPOST /api/login-guru \u001b[33m401\u001b[0m 15.130 ms - 45\u001b[0m","timestamp":"2026-04-30T04:16:22.104Z"}
{"level":"info","message":"\u001b[0mPOST /api/login-guru \u001b[32m200\u001b[0m 9.675 ms - 213\u001b[0m","timestamp":"2026-04-30T04:16:22.126Z"}
{"level":"info","message":"✅ DATABASE POSTGRE: AMAN!","timestamp":"2026-04-30T04:16:24.172Z"}
{"level":"error","message":"❌ Gagal ambil profil SQL: DB Down","timestamp":"2026-04-30T04:17:03.705Z"}
{"level":"warn","message":"⚠️ Blokir skor ilegal: Sesi tidak valid. User: TestUser, Game: math","timestamp":"2026-04-30T04:17:03.767Z"}
{"level":"warn","message":"⚠️ Blokir skor ilegal: Sesi tidak valid. User: TestUser, Game: math","timestamp":"2026-04-30T04:17:03.775Z"}
{"level":"warn","message":"⚠️ Speedhack Dicegah: TestUser dapat skor 200 dalam 100ms (Game: math)","timestamp":"2026-04-30T04:17:03.780Z"}
{"level":"warn","message":"⚠️ Suspicious Score Attempt: 99999 (max: 3000) by TestUser in math","timestamp":"2026-04-30T04:17:03.795Z"}
{"level":"error","message":"❌ Gagal ambil leaderboard SQL: DB Error","timestamp":"2026-04-30T04:17:03.910Z"}
{"level":"warn","message":"⚠️ Unauthenticated role update attempt from socket-test-id","timestamp":"2026-04-30T04:17:03.943Z"}
{"level":"warn","message":"⚠️ Invalid role value: superuser from Admin1","timestamp":"2026-04-30T04:17:03.947Z"}
{"level":"warn","message":"⚠️ Self-edit attempt blocked: Admin1","timestamp":"2026-04-30T04:17:03.951Z"}
{"level":"info","message":"✅ ROLE UPDATE SUCCESS:\n   Requestor: Admin1 (admin)\n   Target: Murid1\n   Change: siswa → guru\n   IP: 127.0.0.1\n   Time: 2026-04-30T04:17:03.954Z","timestamp":"2026-04-30T04:17:03.954Z"}
{"level":"error","message":"❌ DB ERROR mintaSoalAI: DB Timeout","timestamp":"2026-04-30T04:17:04.413Z"}
{"level":"error","message":"❌ Tutor Error: AI Timeout","timestamp":"2026-04-30T04:17:04.430Z"}
{"level":"warn","message":"⚠️ Percobaan equip ilegal: TestUser mau pakai neon","timestamp":"2026-04-30T04:17:05.077Z"}
{"level":"info","message":"🏆 [Versus] TestUser MENANG melawan Player 2 di game math! Bonus +50XP & +20Coins","timestamp":"2026-04-30T04:17:05.140Z"}
{"level":"info","message":"\u001b[0mGET / \u001b[32m200\u001b[0m 60.029 ms - -\u001b[0m","timestamp":"2026-04-30T04:17:05.417Z"}
{"level":"info","message":"\u001b[0mPOST /api/login-guru \u001b[33m401\u001b[0m 16.882 ms - 45\u001b[0m","timestamp":"2026-04-30T04:17:05.501Z"}
{"level":"info","message":"\u001b[0mPOST /api/login-guru \u001b[32m200\u001b[0m 11.445 ms - 213\u001b[0m","timestamp":"2026-04-30T04:17:05.528Z"}
{"level":"info","message":"✅ DATABASE POSTGRE: AMAN!","timestamp":"2026-04-30T04:17:07.754Z"}
