{"level":"info","message":"🚀 Server jalan di Port 3000","timestamp":"2026-04-16T07:10:32.184Z"}
{"level":"info","message":"\u001b[0mGET / \u001b[32m200\u001b[0m 21.761 ms - -\u001b[0m","timestamp":"2026-04-16T07:10:36.360Z"}
{"level":"info","message":"\u001b[0mGET /css/design-tokens.css \u001b[32m200\u001b[0m 16.677 ms - -\u001b[0m","timestamp":"2026-04-16T07:10:36.480Z"}
{"level":"info","message":"\u001b[0mGET /css/loading.css \u001b[32m200\u001b[0m 9.959 ms - -\u001b[0m","timestamp":"2026-04-16T07:10:36.482Z"}
{"level":"info","message":"\u001b[0mGET /css/micro-interactions.css \u001b[32m200\u001b[0m 30.870 ms - -\u001b[0m","timestamp":"2026-04-16T07:10:36.488Z"}
{"level":"info","message":"\u001b[0mGET /css/responsive.css \u001b[32m200\u001b[0m 32.418 ms - -\u001b[0m","timestamp":"2026-04-16T07:10:36.493Z"}
{"level":"info","message":"\u001b[0mGET /css/sidebar-fixes.css \u001b[32m200\u001b[0m 6.913 ms - -\u001b[0m","timestamp":"2026-04-16T07:10:36.496Z"}
{"level":"info","message":"\u001b[0mGET /css/visual-enhancements.css \u001b[32m200\u001b[0m 18.638 ms - -\u001b[0m","timestamp":"2026-04-16T07:10:36.532Z"}
{"level":"info","message":"\u001b[0mGET /css/style.css?v=final \u001b[32m200\u001b[0m 17.920 ms - -\u001b[0m","timestamp":"2026-04-16T07:10:36.533Z"}
{"level":"info","message":"\u001b[0mGET /css/visual-overhaul.css \u001b[32m200\u001b[0m 17.337 ms - -\u001b[0m","timestamp":"2026-04-16T07:10:36.536Z"}
{"level":"info","message":"\u001b[0mGET /js/global.js \u001b[32m200\u001b[0m 17.552 ms - -\u001b[0m","timestamp":"2026-04-16T07:10:36.539Z"}
{"level":"info","message":"\u001b[0mGET /js/utils/animations.js \u001b[32m200\u001b[0m 17.319 ms - -\u001b[0m","timestamp":"2026-04-16T07:10:36.541Z"}
{"level":"info","message":"\u001b[0mGET /css/chat-enhanced.css \u001b[32m200\u001b[0m 18.066 ms - -\u001b[0m","timestamp":"2026-04-16T07:10:36.543Z"}
{"level":"info","message":"\u001b[0mGET /js/config.js \u001b[32m200\u001b[0m 10.110 ms - 606\u001b[0m","timestamp":"2026-04-16T07:10:36.594Z"}
{"level":"info","message":"\u001b[0mGET /js/utils/confetti.js \u001b[32m200\u001b[0m 21.778 ms - -\u001b[0m","timestamp":"2026-04-16T07:10:36.602Z"}
{"level":"info","message":"\u001b[0mGET /js/utils/loading.js \u001b[32m200\u001b[0m 22.664 ms - -\u001b[0m","timestamp":"2026-04-16T07:10:36.608Z"}
{"level":"info","message":"\u001b[0mGET /js/gamification/streaks.js \u001b[32m200\u001b[0m 16.578 ms - -\u001b[0m","timestamp":"2026-04-16T07:10:36.609Z"}
{"level":"info","message":"\u001b[0mGET /js/gamification/leveling.js \u001b[32m200\u001b[0m 14.402 ms - -\u001b[0m","timestamp":"2026-04-16T07:10:36.613Z"}
{"level":"info","message":"\u001b[0mGET /js/gamification/achievements.js \u001b[32m200\u001b[0m 20.637 ms - -\u001b[0m","timestamp":"2026-04-16T07:10:36.614Z"}
{"level":"info","message":"\u001b[0mGET /logo-videa.png \u001b[32m200\u001b[0m 3.412 ms - 48063\u001b[0m","timestamp":"2026-04-16T07:10:36.622Z"}
{"level":"info","message":"\u001b[0mGET /js/audio.js \u001b[32m200\u001b[0m 4.198 ms - -\u001b[0m","timestamp":"2026-04-16T07:10:36.625Z"}
{"level":"info","message":"\u001b[0mGET /js/dashboard.js \u001b[32m200\u001b[0m 3.655 ms - -\u001b[0m","timestamp":"2026-04-16T07:10:36.628Z"}
{"level":"info","message":"\u001b[0mGET /sw.js \u001b[32m200\u001b[0m 4.127 ms - -\u001b[0m","timestamp":"2026-04-16T07:10:37.365Z"}
{"level":"info","message":"\u001b[0mGET /html/leaderboard.html?v=sql \u001b[32m200\u001b[0m 2.717 ms - -\u001b[0m","timestamp":"2026-04-16T07:10:46.751Z"}
{"level":"info","message":"\u001b[0mGET /css/leaderboard.css?v=enhanced \u001b[32m200\u001b[0m 4.779 ms - -\u001b[0m","timestamp":"2026-04-16T07:10:46.872Z"}
{"level":"info","message":"\u001b[0mGET /sw.js \u001b[32m200\u001b[0m 1.915 ms - -\u001b[0m","timestamp":"2026-04-16T07:10:47.767Z"}
{"level":"info","message":"\u001b[0mGET / \u001b[32m200\u001b[0m 3.260 ms - -\u001b[0m","timestamp":"2026-04-16T07:10:48.513Z"}
{"level":"info","message":"\u001b[0mGET /css/design-tokens.css \u001b[32m200\u001b[0m 2.142 ms - -\u001b[0m","timestamp":"2026-04-16T07:10:48.608Z"}
{"level":"info","message":"\u001b[0mGET /css/loading.css \u001b[32m200\u001b[0m 1.696 ms - -\u001b[0m","timestamp":"2026-04-16T07:10:48.611Z"}
{"level":"info","message":"\u001b[0mGET /css/micro-interactions.css \u001b[32m200\u001b[0m 0.950 ms - -\u001b[0m","timestamp":"2026-04-16T07:10:48.627Z"}
{"level":"info","message":"\u001b[0mGET /css/sidebar-fixes.css \u001b[32m200\u001b[0m 4.805 ms - -\u001b[0m","timestamp":"2026-04-16T07:10:48.643Z"}
{"level":"info","message":"\u001b[0mGET /css/responsive.css \u001b[32m200\u001b[0m 4.467 ms - -\u001b[0m","timestamp":"2026-04-16T07:10:48.647Z"}
{"level":"info","message":"\u001b[0mGET /css/visual-enhancements.css \u001b[32m200\u001b[0m 8.786 ms - -\u001b[0m","timestamp":"2026-04-16T07:10:48.668Z"}
{"level":"info","message":"\u001b[0mGET /css/style.css?v=final \u001b[32m200\u001b[0m 3.549 ms - -\u001b[0m","timestamp":"2026-04-16T07:10:48.690Z"}
{"level":"info","message":"\u001b[0mGET /css/visual-overhaul.css \u001b[32m200\u001b[0m 24.273 ms - -\u001b[0m","timestamp":"2026-04-16T07:10:48.743Z"}
{"level":"info","message":"\u001b[0mGET /css/chat-enhanced.css \u001b[32m200\u001b[0m 20.529 ms - -\u001b[0m","timestamp":"2026-04-16T07:10:48.745Z"}
{"level":"info","message":"\u001b[0mGET /js/utils/animations.js \u001b[32m200\u001b[0m 14.915 ms - -\u001b[0m","timestamp":"2026-04-16T07:10:48.747Z"}
{"level":"info","message":"\u001b[0mGET /js/utils/loading.js \u001b[32m200\u001b[0m 14.208 ms - -\u001b[0m","timestamp":"2026-04-16T07:10:48.748Z"}
{"level":"info","message":"\u001b[0mGET /js/global.js \u001b[32m200\u001b[0m 19.381 ms - -\u001b[0m","timestamp":"2026-04-16T07:10:48.751Z"}
{"level":"info","message":"\u001b[0mGET /js/utils/confetti.js \u001b[32m200\u001b[0m 12.771 ms - -\u001b[0m","timestamp":"2026-04-16T07:10:48.755Z"}
{"level":"info","message":"\u001b[0mGET /js/config.js \u001b[32m200\u001b[0m 11.976 ms - 606\u001b[0m","timestamp":"2026-04-16T07:10:48.779Z"}
{"level":"info","message":"\u001b[0mGET /js/gamification/achievements.js \u001b[32m200\u001b[0m 10.339 ms - -\u001b[0m","timestamp":"2026-04-16T07:10:48.794Z"}
{"level":"info","message":"\u001b[0mGET /js/gamification/streaks.js \u001b[32m200\u001b[0m 12.222 ms - -\u001b[0m","timestamp":"2026-04-16T07:10:48.801Z"}
{"level":"info","message":"\u001b[0mGET /js/audio.js \u001b[32m200\u001b[0m 13.177 ms - -\u001b[0m","timestamp":"2026-04-16T07:10:48.802Z"}
{"level":"info","message":"\u001b[0mGET /js/gamification/leveling.js \u001b[32m200\u001b[0m 12.564 ms - -\u001b[0m","timestamp":"2026-04-16T07:10:48.803Z"}
{"level":"info","message":"\u001b[0mGET /js/dashboard.js \u001b[32m200\u001b[0m 13.199 ms - -\u001b[0m","timestamp":"2026-04-16T07:10:48.804Z"}
{"level":"info","message":"\u001b[0mGET /sw.js \u001b[32m200\u001b[0m 3.156 ms - -\u001b[0m","timestamp":"2026-04-16T07:10:49.576Z"}
