{"level":"info","message":"🚀 Server jalan di Port 3000","timestamp":"2026-04-14T09:04:30.104Z"}
{"level":"info","message":"\u001b[0mGET /html/memory.html \u001b[32m200\u001b[0m 21.693 ms - -\u001b[0m","timestamp":"2026-04-14T09:04:34.727Z"}
{"level":"info","message":"\u001b[0mGET /css/memory.css?v=fix \u001b[32m200\u001b[0m 4.656 ms - -\u001b[0m","timestamp":"2026-04-14T09:04:34.778Z"}
{"level":"info","message":"\u001b[0mGET /css/visual-enhancements.css \u001b[32m200\u001b[0m 10.522 ms - -\u001b[0m","timestamp":"2026-04-14T09:04:34.791Z"}
{"level":"info","message":"\u001b[0mGET /css/streak-effects.css \u001b[32m200\u001b[0m 28.971 ms - -\u001b[0m","timestamp":"2026-04-14T09:04:34.825Z"}
{"level":"info","message":"\u001b[0mGET /js/global.js \u001b[32m200\u001b[0m 27.137 ms - -\u001b[0m","timestamp":"2026-04-14T09:04:34.838Z"}
{"level":"info","message":"\u001b[0mGET /js/gamification/streaks.js \u001b[32m200\u001b[0m 25.323 ms - -\u001b[0m","timestamp":"2026-04-14T09:04:34.841Z"}
{"level":"info","message":"\u001b[0mGET /js/audio.js \u001b[32m200\u001b[0m 26.002 ms - -\u001b[0m","timestamp":"2026-04-14T09:04:34.844Z"}
{"level":"info","message":"\u001b[0mGET /js/gamification/leveling.js \u001b[32m200\u001b[0m 21.100 ms - -\u001b[0m","timestamp":"2026-04-14T09:04:34.846Z"}
{"level":"info","message":"\u001b[0mGET /js/gamification/achievements.js \u001b[32m200\u001b[0m 19.253 ms - -\u001b[0m","timestamp":"2026-04-14T09:04:34.850Z"}
{"level":"info","message":"\u001b[0mGET /js/utils/particleEffects.js \u001b[32m200\u001b[0m 11.714 ms - -\u001b[0m","timestamp":"2026-04-14T09:04:34.879Z"}
{"level":"info","message":"\u001b[0mGET /js/utils/comboManager.js \u001b[32m200\u001b[0m 14.655 ms - -\u001b[0m","timestamp":"2026-04-14T09:04:34.882Z"}
{"level":"info","message":"\u001b[0mGET /js/memory.js?v=fix \u001b[32m200\u001b[0m 15.098 ms - -\u001b[0m","timestamp":"2026-04-14T09:04:34.885Z"}
{"level":"info","message":"\u001b[0mGET /sw.js \u001b[32m200\u001b[0m 1.626 ms - -\u001b[0m","timestamp":"2026-04-14T09:04:35.270Z"}
{"level":"info","message":"\u001b[0mGET / \u001b[32m200\u001b[0m 5.475 ms - -\u001b[0m","timestamp":"2026-04-14T09:04:36.231Z"}
{"level":"info","message":"\u001b[0mGET /css/design-tokens.css \u001b[32m200\u001b[0m 18.029 ms - -\u001b[0m","timestamp":"2026-04-14T09:04:36.361Z"}
{"level":"info","message":"\u001b[0mGET /css/micro-interactions.css \u001b[32m200\u001b[0m 14.890 ms - -\u001b[0m","timestamp":"2026-04-14T09:04:36.366Z"}
{"level":"info","message":"\u001b[0mGET /css/responsive.css \u001b[32m200\u001b[0m 14.102 ms - -\u001b[0m","timestamp":"2026-04-14T09:04:36.368Z"}
{"level":"info","message":"\u001b[0mGET /css/loading.css \u001b[32m200\u001b[0m 16.366 ms - -\u001b[0m","timestamp":"2026-04-14T09:04:36.369Z"}
{"level":"info","message":"\u001b[0mGET /css/sidebar-fixes.css \u001b[32m200\u001b[0m 11.861 ms - -\u001b[0m","timestamp":"2026-04-14T09:04:36.380Z"}
{"level":"info","message":"\u001b[0mGET /css/visual-enhancements.css \u001b[32m200\u001b[0m 25.731 ms - -\u001b[0m","timestamp":"2026-04-14T09:04:36.386Z"}
{"level":"info","message":"\u001b[0mGET /css/visual-overhaul.css \u001b[32m200\u001b[0m 14.851 ms - -\u001b[0m","timestamp":"2026-04-14T09:04:36.396Z"}
{"level":"info","message":"\u001b[0mGET /css/chat-enhanced.css \u001b[32m200\u001b[0m 14.544 ms - -\u001b[0m","timestamp":"2026-04-14T09:04:36.397Z"}
{"level":"info","message":"\u001b[0mGET /js/global.js \u001b[32m200\u001b[0m 14.036 ms - -\u001b[0m","timestamp":"2026-04-14T09:04:36.400Z"}
{"level":"info","message":"\u001b[0mGET /css/style.css?v=final \u001b[32m200\u001b[0m 14.877 ms - -\u001b[0m","timestamp":"2026-04-14T09:04:36.402Z"}
{"level":"info","message":"\u001b[0mGET /js/utils/loading.js \u001b[32m200\u001b[0m 6.967 ms - -\u001b[0m","timestamp":"2026-04-14T09:04:36.406Z"}
{"level":"info","message":"\u001b[0mGET /js/utils/animations.js \u001b[32m200\u001b[0m 6.551 ms - -\u001b[0m","timestamp":"2026-04-14T09:04:36.408Z"}
{"level":"info","message":"\u001b[0mGET /js/config.js \u001b[32m200\u001b[0m 11.155 ms - 606\u001b[0m","timestamp":"2026-04-14T09:04:36.426Z"}
{"level":"info","message":"\u001b[0mGET /js/utils/confetti.js \u001b[32m200\u001b[0m 11.107 ms - -\u001b[0m","timestamp":"2026-04-14T09:04:36.430Z"}
{"level":"info","message":"\u001b[0mGET /js/gamification/achievements.js \u001b[32m200\u001b[0m 11.737 ms - -\u001b[0m","timestamp":"2026-04-14T09:04:36.431Z"}
{"level":"info","message":"\u001b[0mGET /js/gamification/streaks.js \u001b[32m200\u001b[0m 11.427 ms - -\u001b[0m","timestamp":"2026-04-14T09:04:36.433Z"}
{"level":"info","message":"\u001b[0mGET /js/audio.js \u001b[32m200\u001b[0m 12.975 ms - -\u001b[0m","timestamp":"2026-04-14T09:04:36.466Z"}
{"level":"info","message":"\u001b[0mGET /js/gamification/leveling.js \u001b[32m200\u001b[0m 11.759 ms - -\u001b[0m","timestamp":"2026-04-14T09:04:36.467Z"}
{"level":"info","message":"\u001b[0mGET /js/dashboard.js \u001b[32m200\u001b[0m 4.297 ms - -\u001b[0m","timestamp":"2026-04-14T09:04:36.471Z"}
{"level":"info","message":"\u001b[0mGET /sw.js \u001b[32m200\u001b[0m 1.328 ms - -\u001b[0m","timestamp":"2026-04-14T09:04:37.232Z"}
{"level":"info","message":"\u001b[0mGET / \u001b[32m200\u001b[0m 9.433 ms - -\u001b[0m","timestamp":"2026-04-14T09:04:47.027Z"}
{"level":"info","message":"\u001b[0mGET /css/design-tokens.css \u001b[32m200\u001b[0m 5.448 ms - -\u001b[0m","timestamp":"2026-04-14T09:04:47.101Z"}
{"level":"info","message":"\u001b[0mGET /css/loading.css \u001b[32m200\u001b[0m 5.656 ms - -\u001b[0m","timestamp":"2026-04-14T09:04:47.102Z"}
{"level":"info","message":"\u001b[0mGET /css/micro-interactions.css \u001b[32m200\u001b[0m 1.090 ms - -\u001b[0m","timestamp":"2026-04-14T09:04:47.109Z"}
{"level":"info","message":"\u001b[0mGET /css/responsive.css \u001b[32m200\u001b[0m 2.975 ms - -\u001b[0m","timestamp":"2026-04-14T09:04:47.116Z"}
{"level":"info","message":"\u001b[0mGET /css/sidebar-fixes.css \u001b[32m200\u001b[0m 3.920 ms - -\u001b[0m","timestamp":"2026-04-14T09:04:47.121Z"}
{"level":"info","message":"\u001b[0mGET /css/visual-enhancements.css \u001b[32m200\u001b[0m 1.326 ms - -\u001b[0m","timestamp":"2026-04-14T09:04:47.127Z"}
{"level":"info","message":"\u001b[0mGET /css/chat-enhanced.css \u001b[32m200\u001b[0m 8.798 ms - -\u001b[0m","timestamp":"2026-04-14T09:04:47.160Z"}
{"level":"info","message":"\u001b[0mGET /css/visual-overhaul.css \u001b[32m200\u001b[0m 8.450 ms - -\u001b[0m","timestamp":"2026-04-14T09:04:47.161Z"}
{"level":"info","message":"\u001b[0mGET /css/style.css?v=final \u001b[32m200\u001b[0m 8.711 ms - -\u001b[0m","timestamp":"2026-04-14T09:04:47.162Z"}
{"level":"info","message":"\u001b[0mGET /js/global.js \u001b[32m200\u001b[0m 20.425 ms - -\u001b[0m","timestamp":"2026-04-14T09:04:47.171Z"}
{"level":"info","message":"\u001b[0mGET /js/utils/animations.js \u001b[32m200\u001b[0m 18.478 ms - -\u001b[0m","timestamp":"2026-04-14T09:04:47.172Z"}
{"level":"info","message":"\u001b[0mGET /js/config.js \u001b[32m200\u001b[0m 21.108 ms - 606\u001b[0m","timestamp":"2026-04-14T09:04:47.249Z"}
{"level":"info","message":"\u001b[0mGET /js/utils/loading.js \u001b[32m200\u001b[0m 42.827 ms - -\u001b[0m","timestamp":"2026-04-14T09:04:47.251Z"}
{"level":"info","message":"\u001b[0mGET /js/gamification/achievements.js \u001b[32m200\u001b[0m 37.532 ms - -\u001b[0m","timestamp":"2026-04-14T09:04:47.253Z"}
{"level":"info","message":"\u001b[0mGET /js/utils/confetti.js \u001b[32m200\u001b[0m 42.916 ms - -\u001b[0m","timestamp":"2026-04-14T09:04:47.257Z"}
{"level":"info","message":"\u001b[0mGET /js/gamification/streaks.js \u001b[32m200\u001b[0m 33.208 ms - -\u001b[0m","timestamp":"2026-04-14T09:04:47.262Z"}
{"level":"info","message":"\u001b[0mGET /js/gamification/leveling.js \u001b[32m200\u001b[0m 32.319 ms - -\u001b[0m","timestamp":"2026-04-14T09:04:47.263Z"}
{"level":"info","message":"\u001b[0mGET /js/audio.js \u001b[32m200\u001b[0m 5.191 ms - -\u001b[0m","timestamp":"2026-04-14T09:04:47.274Z"}
{"level":"info","message":"\u001b[0mGET /js/dashboard.js \u001b[32m200\u001b[0m 5.069 ms - -\u001b[0m","timestamp":"2026-04-14T09:04:47.281Z"}
{"level":"info","message":"\u001b[0mGET /logo-videa.png \u001b[32m200\u001b[0m 16.804 ms - 48063\u001b[0m","timestamp":"2026-04-14T09:04:47.288Z"}
{"level":"info","message":"\u001b[0mGET /favicon.ico \u001b[32m200\u001b[0m 5.422 ms - -\u001b[0m","timestamp":"2026-04-14T09:04:47.695Z"}
{"level":"info","message":"\u001b[0mGET / \u001b[32m200\u001b[0m 1.146 ms - -\u001b[0m","timestamp":"2026-04-14T09:04:50.027Z"}
{"level":"info","message":"\u001b[0mGET /css/design-tokens.css \u001b[32m200\u001b[0m 10.400 ms - -\u001b[0m","timestamp":"2026-04-14T09:04:50.102Z"}
{"level":"info","message":"\u001b[0mGET /css/loading.css \u001b[32m200\u001b[0m 13.966 ms - -\u001b[0m","timestamp":"2026-04-14T09:04:50.113Z"}
{"level":"info","message":"\u001b[0mGET /css/micro-interactions.css \u001b[32m200\u001b[0m 8.658 ms - -\u001b[0m","timestamp":"2026-04-14T09:04:50.115Z"}
{"level":"info","message":"\u001b[0mGET /css/responsive.css \u001b[32m200\u001b[0m 16.087 ms - -\u001b[0m","timestamp":"2026-04-14T09:04:50.122Z"}
{"level":"info","message":"\u001b[0mGET /css/sidebar-fixes.css \u001b[32m200\u001b[0m 20.484 ms - -\u001b[0m","timestamp":"2026-04-14T09:04:50.135Z"}
{"level":"info","message":"\u001b[0mGET /css/visual-enhancements.css \u001b[32m200\u001b[0m 22.365 ms - -\u001b[0m","timestamp":"2026-04-14T09:04:50.144Z"}
{"level":"info","message":"\u001b[0mGET /css/style.css?v=final \u001b[32m200\u001b[0m 22.213 ms - -\u001b[0m","timestamp":"2026-04-14T09:04:50.149Z"}
{"level":"info","message":"\u001b[0mGET /css/visual-overhaul.css \u001b[32m200\u001b[0m 21.669 ms - -\u001b[0m","timestamp":"2026-04-14T09:04:50.158Z"}
{"level":"info","message":"\u001b[0mGET /css/chat-enhanced.css \u001b[32m200\u001b[0m 19.228 ms - -\u001b[0m","timestamp":"2026-04-14T09:04:50.163Z"}
{"level":"info","message":"\u001b[0mGET /js/global.js \u001b[32m200\u001b[0m 33.116 ms - -\u001b[0m","timestamp":"2026-04-14T09:04:50.220Z"}
{"level":"info","message":"\u001b[0mGET /js/utils/animations.js \u001b[32m200\u001b[0m 40.931 ms - -\u001b[0m","timestamp":"2026-04-14T09:04:50.238Z"}
{"level":"info","message":"\u001b[0mGET /js/utils/loading.js \u001b[32m200\u001b[0m 39.624 ms - -\u001b[0m","timestamp":"2026-04-14T09:04:50.240Z"}
{"level":"info","message":"\u001b[0mGET /js/utils/confetti.js \u001b[32m200\u001b[0m 36.461 ms - -\u001b[0m","timestamp":"2026-04-14T09:04:50.241Z"}
{"level":"info","message":"\u001b[0mGET /js/gamification/achievements.js \u001b[32m200\u001b[0m 34.294 ms - -\u001b[0m","timestamp":"2026-04-14T09:04:50.252Z"}
{"level":"info","message":"\u001b[0mGET /js/gamification/streaks.js \u001b[32m200\u001b[0m 25.811 ms - -\u001b[0m","timestamp":"2026-04-14T09:04:50.256Z"}
{"level":"info","message":"\u001b[0mGET /js/gamification/leveling.js \u001b[32m200\u001b[0m 26.049 ms - -\u001b[0m","timestamp":"2026-04-14T09:04:50.269Z"}
{"level":"info","message":"\u001b[0mGET /js/config.js \u001b[32m200\u001b[0m 16.303 ms - 606\u001b[0m","timestamp":"2026-04-14T09:04:50.271Z"}
{"level":"info","message":"\u001b[0mGET /logo-videa.png \u001b[32m200\u001b[0m 5.447 ms - 48063\u001b[0m","timestamp":"2026-04-14T09:04:50.275Z"}
{"level":"info","message":"\u001b[0mGET /js/dashboard.js \u001b[32m200\u001b[0m 16.465 ms - -\u001b[0m","timestamp":"2026-04-14T09:04:50.276Z"}
{"level":"info","message":"\u001b[0mGET /js/audio.js \u001b[32m200\u001b[0m 16.646 ms - -\u001b[0m","timestamp":"2026-04-14T09:04:50.277Z"}
{"level":"info","message":"\u001b[0mGET /favicon.ico \u001b[32m200\u001b[0m 9.545 ms - -\u001b[0m","timestamp":"2026-04-14T09:04:50.453Z"}
{"level":"info","message":"\u001b[0mGET /html/guru.html \u001b[32m200\u001b[0m 7.892 ms - -\u001b[0m","timestamp":"2026-04-14T09:04:55.562Z"}
{"level":"info","message":"\u001b[0mGET /css/guru.css?v=final \u001b[32m200\u001b[0m 3.806 ms - -\u001b[0m","timestamp":"2026-04-14T09:04:55.681Z"}
{"level":"info","message":"\u001b[0mGET /sw.js \u001b[32m200\u001b[0m 0.687 ms - -\u001b[0m","timestamp":"2026-04-14T09:04:56.553Z"}
{"level":"info","message":"\u001b[0mGET / \u001b[32m200\u001b[0m 20.592 ms - -\u001b[0m","timestamp":"2026-04-14T09:07:24.558Z"}
{"level":"info","message":"\u001b[0mGET /css/design-tokens.css \u001b[32m200\u001b[0m 41.597 ms - -\u001b[0m","timestamp":"2026-04-14T09:07:24.693Z"}
{"level":"info","message":"\u001b[0mGET /css/responsive.css \u001b[32m200\u001b[0m 34.108 ms - -\u001b[0m","timestamp":"2026-04-14T09:07:24.696Z"}
{"level":"info","message":"\u001b[0mGET /css/micro-interactions.css \u001b[32m200\u001b[0m 46.040 ms - -\u001b[0m","timestamp":"2026-04-14T09:07:24.697Z"}
{"level":"info","message":"\u001b[0mGET /css/loading.css \u001b[32m200\u001b[0m 45.758 ms - -\u001b[0m","timestamp":"2026-04-14T09:07:24.698Z"}
{"level":"info","message":"\u001b[0mGET /css/sidebar-fixes.css \u001b[32m200\u001b[0m 34.802 ms - -\u001b[0m","timestamp":"2026-04-14T09:07:24.703Z"}
{"level":"info","message":"\u001b[0mGET /css/visual-overhaul.css \u001b[32m200\u001b[0m 26.511 ms - -\u001b[0m","timestamp":"2026-04-14T09:07:24.707Z"}
{"level":"info","message":"\u001b[0mGET /css/chat-enhanced.css \u001b[32m200\u001b[0m 1.332 ms - -\u001b[0m","timestamp":"2026-04-14T09:07:24.734Z"}
{"level":"info","message":"\u001b[0mGET /logo-videa.png \u001b[36m304\u001b[0m 12.144 ms - -\u001b[0m","timestamp":"2026-04-14T09:07:24.761Z"}
{"level":"info","message":"\u001b[0mGET /css/visual-enhancements.css \u001b[32m200\u001b[0m 18.562 ms - -\u001b[0m","timestamp":"2026-04-14T09:07:24.773Z"}
{"level":"info","message":"\u001b[0mGET /css/style.css?v=final \u001b[32m200\u001b[0m 17.233 ms - -\u001b[0m","timestamp":"2026-04-14T09:07:24.776Z"}
{"level":"info","message":"\u001b[0mGET /js/global.js \u001b[32m200\u001b[0m 21.974 ms - -\u001b[0m","timestamp":"2026-04-14T09:07:24.778Z"}
{"level":"info","message":"\u001b[0mGET /js/utils/animations.js \u001b[32m200\u001b[0m 21.593 ms - -\u001b[0m","timestamp":"2026-04-14T09:07:24.779Z"}
{"level":"info","message":"\u001b[0mGET /js/utils/loading.js \u001b[32m200\u001b[0m 18.843 ms - -\u001b[0m","timestamp":"2026-04-14T09:07:24.782Z"}
{"level":"info","message":"\u001b[0mGET /js/utils/confetti.js \u001b[32m200\u001b[0m 18.689 ms - -\u001b[0m","timestamp":"2026-04-14T09:07:24.792Z"}
{"level":"info","message":"\u001b[0mGET /js/config.js \u001b[32m200\u001b[0m 11.244 ms - 606\u001b[0m","timestamp":"2026-04-14T09:07:24.833Z"}
{"level":"info","message":"\u001b[0mGET /js/gamification/streaks.js \u001b[32m200\u001b[0m 13.733 ms - -\u001b[0m","timestamp":"2026-04-14T09:07:24.842Z"}
{"level":"info","message":"\u001b[0mGET /js/audio.js \u001b[32m200\u001b[0m 9.147 ms - -\u001b[0m","timestamp":"2026-04-14T09:07:24.843Z"}
{"level":"info","message":"\u001b[0mGET /js/gamification/leveling.js \u001b[32m200\u001b[0m 8.948 ms - -\u001b[0m","timestamp":"2026-04-14T09:07:24.845Z"}
{"level":"info","message":"\u001b[0mGET /js/gamification/achievements.js \u001b[32m200\u001b[0m 11.286 ms - -\u001b[0m","timestamp":"2026-04-14T09:07:24.848Z"}
{"level":"info","message":"\u001b[0mGET /js/dashboard.js \u001b[32m200\u001b[0m 19.678 ms - -\u001b[0m","timestamp":"2026-04-14T09:07:24.855Z"}
{"level":"info","message":"\u001b[0mGET /manifest.json \u001b[32m200\u001b[0m 19.222 ms - 482\u001b[0m","timestamp":"2026-04-14T09:07:24.861Z"}
{"level":"info","message":"\u001b[0mGET /sw.js \u001b[32m200\u001b[0m 7.640 ms - -\u001b[0m","timestamp":"2026-04-14T09:07:27.186Z"}
{"level":"info","message":"\u001b[0mGET / \u001b[32m200\u001b[0m 24.914 ms - -\u001b[0m","timestamp":"2026-04-14T09:07:38.384Z"}
{"level":"info","message":"\u001b[0mGET /css/design-tokens.css \u001b[32m200\u001b[0m 16.718 ms - -\u001b[0m","timestamp":"2026-04-14T09:07:38.466Z"}
{"level":"info","message":"\u001b[0mGET /css/loading.css \u001b[32m200\u001b[0m 10.370 ms - -\u001b[0m","timestamp":"2026-04-14T09:07:38.521Z"}
{"level":"info","message":"\u001b[0mGET /css/micro-interactions.css \u001b[32m200\u001b[0m 14.370 ms - -\u001b[0m","timestamp":"2026-04-14T09:07:38.554Z"}
{"level":"info","message":"\u001b[0mGET /css/responsive.css \u001b[32m200\u001b[0m 7.641 ms - -\u001b[0m","timestamp":"2026-04-14T09:07:38.558Z"}
{"level":"info","message":"\u001b[0mGET /css/sidebar-fixes.css \u001b[32m200\u001b[0m 6.913 ms - -\u001b[0m","timestamp":"2026-04-14T09:07:38.561Z"}
{"level":"info","message":"\u001b[0mGET /css/visual-enhancements.css \u001b[32m200\u001b[0m 6.495 ms - -\u001b[0m","timestamp":"2026-04-14T09:07:38.587Z"}
{"level":"info","message":"\u001b[0mGET /css/visual-overhaul.css \u001b[32m200\u001b[0m 5.842 ms - -\u001b[0m","timestamp":"2026-04-14T09:07:38.591Z"}
{"level":"info","message":"\u001b[0mGET /css/style.css?v=final \u001b[32m200\u001b[0m 6.255 ms - -\u001b[0m","timestamp":"2026-04-14T09:07:38.617Z"}
{"level":"info","message":"\u001b[0mGET /css/chat-enhanced.css \u001b[32m200\u001b[0m 32.142 ms - -\u001b[0m","timestamp":"2026-04-14T09:07:38.688Z"}
{"level":"info","message":"\u001b[0mGET /js/utils/animations.js \u001b[32m200\u001b[0m 19.982 ms - -\u001b[0m","timestamp":"2026-04-14T09:07:38.692Z"}
{"level":"info","message":"\u001b[0mGET /js/gamification/achievements.js \u001b[32m200\u001b[0m 20.081 ms - -\u001b[0m","timestamp":"2026-04-14T09:07:38.728Z"}
{"level":"info","message":"\u001b[0mGET /js/global.js \u001b[32m200\u001b[0m 27.000 ms - -\u001b[0m","timestamp":"2026-04-14T09:07:38.731Z"}
{"level":"info","message":"\u001b[0mGET /js/utils/loading.js \u001b[32m200\u001b[0m 17.497 ms - -\u001b[0m","timestamp":"2026-04-14T09:07:38.741Z"}
{"level":"info","message":"\u001b[0mGET /js/utils/confetti.js \u001b[32m200\u001b[0m 18.772 ms - -\u001b[0m","timestamp":"2026-04-14T09:07:38.749Z"}
{"level":"info","message":"\u001b[0mGET /js/config.js \u001b[32m200\u001b[0m 24.088 ms - 606\u001b[0m","timestamp":"2026-04-14T09:07:38.793Z"}
{"level":"info","message":"\u001b[0mGET /js/gamification/streaks.js \u001b[32m200\u001b[0m 35.889 ms - -\u001b[0m","timestamp":"2026-04-14T09:07:38.797Z"}
{"level":"info","message":"\u001b[0mGET /manifest.json \u001b[32m200\u001b[0m 14.813 ms - 482\u001b[0m","timestamp":"2026-04-14T09:07:38.799Z"}
{"level":"info","message":"\u001b[0mGET /js/gamification/leveling.js \u001b[32m200\u001b[0m 38.040 ms - -\u001b[0m","timestamp":"2026-04-14T09:07:38.810Z"}
{"level":"info","message":"\u001b[0mGET /js/audio.js \u001b[32m200\u001b[0m 25.993 ms - -\u001b[0m","timestamp":"2026-04-14T09:07:38.812Z"}
{"level":"info","message":"\u001b[0mGET /js/dashboard.js \u001b[32m200\u001b[0m 24.088 ms - -\u001b[0m","timestamp":"2026-04-14T09:07:38.813Z"}
{"level":"info","message":"\u001b[0mGET /sw.js \u001b[32m200\u001b[0m 1.608 ms - -\u001b[0m","timestamp":"2026-04-14T09:07:40.787Z"}
{"level":"info","message":"\u001b[0mGET /html/guru.html \u001b[32m200\u001b[0m 17.768 ms - -\u001b[0m","timestamp":"2026-04-14T09:07:49.476Z"}
{"level":"info","message":"\u001b[0mGET /css/guru.css?v=final \u001b[32m200\u001b[0m 26.037 ms - -\u001b[0m","timestamp":"2026-04-14T09:07:49.549Z"}
{"level":"info","message":"\u001b[0mGET /sw.js \u001b[32m200\u001b[0m 5.589 ms - -\u001b[0m","timestamp":"2026-04-14T09:07:51.396Z"}
{"level":"info","message":"\u001b[0mGET /sw.js \u001b[32m200\u001b[0m 0.956 ms - -\u001b[0m","timestamp":"2026-04-14T09:12:25.474Z"}
{"level":"info","message":"🚀 Server jalan di Port 3000","timestamp":"2026-04-14T09:16:57.544Z"}
{"level":"info","message":"\u001b[0mGET / \u001b[32m200\u001b[0m 24.210 ms - -\u001b[0m","timestamp":"2026-04-14T09:17:47.317Z"}
{"level":"info","message":"\u001b[0mGET /css/design-tokens.css \u001b[32m200\u001b[0m 18.897 ms - -\u001b[0m","timestamp":"2026-04-14T09:17:47.363Z"}
{"level":"info","message":"\u001b[0mGET /css/loading.css \u001b[32m200\u001b[0m 15.569 ms - -\u001b[0m","timestamp":"2026-04-14T09:17:47.368Z"}
{"level":"info","message":"\u001b[0mGET /css/micro-interactions.css \u001b[32m200\u001b[0m 46.533 ms - -\u001b[0m","timestamp":"2026-04-14T09:17:47.430Z"}
{"level":"info","message":"\u001b[0mGET /css/responsive.css \u001b[32m200\u001b[0m 41.364 ms - -\u001b[0m","timestamp":"2026-04-14T09:17:47.441Z"}
{"level":"info","message":"\u001b[0mGET /css/sidebar-fixes.css \u001b[32m200\u001b[0m 26.066 ms - -\u001b[0m","timestamp":"2026-04-14T09:17:47.445Z"}
{"level":"info","message":"\u001b[0mGET /css/style.css?v=final \u001b[32m200\u001b[0m 29.228 ms - -\u001b[0m","timestamp":"2026-04-14T09:17:47.474Z"}
{"level":"info","message":"\u001b[0mGET /css/visual-overhaul.css \u001b[32m200\u001b[0m 36.397 ms - -\u001b[0m","timestamp":"2026-04-14T09:17:47.475Z"}
{"level":"info","message":"\u001b[0mGET /css/visual-enhancements.css \u001b[32m200\u001b[0m 35.430 ms - -\u001b[0m","timestamp":"2026-04-14T09:17:47.485Z"}
{"level":"info","message":"\u001b[0mGET /css/chat-enhanced.css \u001b[32m200\u001b[0m 32.327 ms - -\u001b[0m","timestamp":"2026-04-14T09:17:47.568Z"}
{"level":"info","message":"\u001b[0mGET /js/global.js \u001b[32m200\u001b[0m 36.448 ms - -\u001b[0m","timestamp":"2026-04-14T09:17:47.573Z"}
{"level":"info","message":"\u001b[0mGET /js/utils/animations.js \u001b[32m200\u001b[0m 39.655 ms - -\u001b[0m","timestamp":"2026-04-14T09:17:47.583Z"}
{"level":"info","message":"\u001b[0mGET /js/utils/loading.js \u001b[32m200\u001b[0m 39.253 ms - -\u001b[0m","timestamp":"2026-04-14T09:17:47.590Z"}
{"level":"info","message":"\u001b[0mGET /js/utils/confetti.js \u001b[32m200\u001b[0m 46.942 ms - -\u001b[0m","timestamp":"2026-04-14T09:17:47.593Z"}
{"level":"info","message":"\u001b[0mGET /js/gamification/achievements.js \u001b[32m200\u001b[0m 46.946 ms - -\u001b[0m","timestamp":"2026-04-14T09:17:47.611Z"}
{"level":"info","message":"\u001b[0mGET /js/config.js \u001b[32m200\u001b[0m 9.164 ms - 606\u001b[0m","timestamp":"2026-04-14T09:17:47.626Z"}
{"level":"info","message":"\u001b[0mGET /js/gamification/streaks.js \u001b[32m200\u001b[0m 14.047 ms - -\u001b[0m","timestamp":"2026-04-14T09:17:47.638Z"}
{"level":"info","message":"\u001b[0mGET /js/gamification/leveling.js \u001b[32m200\u001b[0m 13.280 ms - -\u001b[0m","timestamp":"2026-04-14T09:17:47.640Z"}
{"level":"info","message":"\u001b[0mGET /js/dashboard.js \u001b[32m200\u001b[0m 9.124 ms - -\u001b[0m","timestamp":"2026-04-14T09:17:47.645Z"}
{"level":"info","message":"\u001b[0mGET /manifest.json \u001b[32m200\u001b[0m 24.698 ms - 482\u001b[0m","timestamp":"2026-04-14T09:17:47.648Z"}
{"level":"info","message":"\u001b[0mGET /js/audio.js \u001b[32m200\u001b[0m 13.260 ms - -\u001b[0m","timestamp":"2026-04-14T09:17:47.651Z"}
{"level":"info","message":"\u001b[0mGET /sw.js \u001b[32m200\u001b[0m 1.369 ms - -\u001b[0m","timestamp":"2026-04-14T09:17:49.428Z"}
{"level":"info","message":"\u001b[0mGET /html/guru.html \u001b[32m200\u001b[0m 27.844 ms - -\u001b[0m","timestamp":"2026-04-14T09:18:01.004Z"}
{"level":"info","message":"\u001b[0mGET /css/guru.css?v=final \u001b[32m200\u001b[0m 9.912 ms - -\u001b[0m","timestamp":"2026-04-14T09:18:01.066Z"}
{"level":"info","message":"\u001b[0mGET /sw.js \u001b[32m200\u001b[0m 14.548 ms - -\u001b[0m","timestamp":"2026-04-14T09:18:02.969Z"}
{"level":"info","message":"\u001b[0mGET /html/guru.html \u001b[32m200\u001b[0m 16.553 ms - -\u001b[0m","timestamp":"2026-04-14T09:18:06.643Z"}
{"level":"info","message":"\u001b[0mGET /css/guru.css?v=final \u001b[32m200\u001b[0m 15.884 ms - -\u001b[0m","timestamp":"2026-04-14T09:18:06.711Z"}
{"level":"info","message":"\u001b[0mGET /sw.js \u001b[32m200\u001b[0m 0.957 ms - -\u001b[0m","timestamp":"2026-04-14T09:18:08.511Z"}
